Archive member included to satisfy reference by file (symbol)

/usr/local/Cellar/gcc-arm-none-eabi/20180627/bin/../lib/gcc/arm-none-eabi/7.3.1/../../../../arm-none-eabi/lib/thumb/v7e-m/fpv4-sp/hard/libc_nano.a(lib_a-exit.o)
                              /usr/local/Cellar/gcc-arm-none-eabi/20180627/bin/../lib/gcc/arm-none-eabi/7.3.1/../../../../arm-none-eabi/lib/thumb/v7e-m/fpv4-sp/hard/crt0.o (exit)
/usr/local/Cellar/gcc-arm-none-eabi/20180627/bin/../lib/gcc/arm-none-eabi/7.3.1/../../../../arm-none-eabi/lib/thumb/v7e-m/fpv4-sp/hard/libc_nano.a(lib_a-impure.o)
                              /usr/local/Cellar/gcc-arm-none-eabi/20180627/bin/../lib/gcc/arm-none-eabi/7.3.1/../../../../arm-none-eabi/lib/thumb/v7e-m/fpv4-sp/hard/libc_nano.a(lib_a-exit.o) (_global_impure_ptr)
/usr/local/Cellar/gcc-arm-none-eabi/20180627/bin/../lib/gcc/arm-none-eabi/7.3.1/../../../../arm-none-eabi/lib/thumb/v7e-m/fpv4-sp/hard/libc_nano.a(lib_a-init.o)
                              /usr/local/Cellar/gcc-arm-none-eabi/20180627/bin/../lib/gcc/arm-none-eabi/7.3.1/../../../../arm-none-eabi/lib/thumb/v7e-m/fpv4-sp/hard/crt0.o (__libc_init_array)
/usr/local/Cellar/gcc-arm-none-eabi/20180627/bin/../lib/gcc/arm-none-eabi/7.3.1/../../../../arm-none-eabi/lib/thumb/v7e-m/fpv4-sp/hard/libc_nano.a(lib_a-locale.o)
                              _build/nrf52832_xxaa/nrf_log_str_formatter.c.o (__locale_ctype_ptr)
/usr/local/Cellar/gcc-arm-none-eabi/20180627/bin/../lib/gcc/arm-none-eabi/7.3.1/../../../../arm-none-eabi/lib/thumb/v7e-m/fpv4-sp/hard/libc_nano.a(lib_a-mbtowc_r.o)
                              /usr/local/Cellar/gcc-arm-none-eabi/20180627/bin/../lib/gcc/arm-none-eabi/7.3.1/../../../../arm-none-eabi/lib/thumb/v7e-m/fpv4-sp/hard/libc_nano.a(lib_a-locale.o) (__ascii_mbtowc)
/usr/local/Cellar/gcc-arm-none-eabi/20180627/bin/../lib/gcc/arm-none-eabi/7.3.1/../../../../arm-none-eabi/lib/thumb/v7e-m/fpv4-sp/hard/libc_nano.a(lib_a-memcmp.o)
                              _build/nrf52832_xxaa/ble_advdata.c.o (memcmp)
/usr/local/Cellar/gcc-arm-none-eabi/20180627/bin/../lib/gcc/arm-none-eabi/7.3.1/../../../../arm-none-eabi/lib/thumb/v7e-m/fpv4-sp/hard/libc_nano.a(lib_a-memcpy-stub.o)
                              _build/nrf52832_xxaa/nrf_log_frontend.c.o (memcpy)
/usr/local/Cellar/gcc-arm-none-eabi/20180627/bin/../lib/gcc/arm-none-eabi/7.3.1/../../../../arm-none-eabi/lib/thumb/v7e-m/fpv4-sp/hard/libc_nano.a(lib_a-memset.o)
                              /usr/local/Cellar/gcc-arm-none-eabi/20180627/bin/../lib/gcc/arm-none-eabi/7.3.1/../../../../arm-none-eabi/lib/thumb/v7e-m/fpv4-sp/hard/crt0.o (memset)
/usr/local/Cellar/gcc-arm-none-eabi/20180627/bin/../lib/gcc/arm-none-eabi/7.3.1/../../../../arm-none-eabi/lib/thumb/v7e-m/fpv4-sp/hard/libc_nano.a(lib_a-strcmp.o)
                              /usr/local/Cellar/gcc-arm-none-eabi/20180627/bin/../lib/gcc/arm-none-eabi/7.3.1/../../../../arm-none-eabi/lib/thumb/v7e-m/fpv4-sp/hard/libc_nano.a(lib_a-locale.o) (strcmp)
/usr/local/Cellar/gcc-arm-none-eabi/20180627/bin/../lib/gcc/arm-none-eabi/7.3.1/../../../../arm-none-eabi/lib/thumb/v7e-m/fpv4-sp/hard/libc_nano.a(lib_a-strcpy.o)
                              _build/nrf52832_xxaa/SEGGER_RTT.c.o (strcpy)
/usr/local/Cellar/gcc-arm-none-eabi/20180627/bin/../lib/gcc/arm-none-eabi/7.3.1/../../../../arm-none-eabi/lib/thumb/v7e-m/fpv4-sp/hard/libc_nano.a(lib_a-strlen.o)
                              _build/nrf52832_xxaa/nrf_log_frontend.c.o (strlen)
/usr/local/Cellar/gcc-arm-none-eabi/20180627/bin/../lib/gcc/arm-none-eabi/7.3.1/../../../../arm-none-eabi/lib/thumb/v7e-m/fpv4-sp/hard/libc_nano.a(lib_a-wctomb_r.o)
                              /usr/local/Cellar/gcc-arm-none-eabi/20180627/bin/../lib/gcc/arm-none-eabi/7.3.1/../../../../arm-none-eabi/lib/thumb/v7e-m/fpv4-sp/hard/libc_nano.a(lib_a-locale.o) (__ascii_wctomb)
/usr/local/Cellar/gcc-arm-none-eabi/20180627/bin/../lib/gcc/arm-none-eabi/7.3.1/../../../../arm-none-eabi/lib/thumb/v7e-m/fpv4-sp/hard/libc_nano.a(lib_a-ctype_.o)
                              /usr/local/Cellar/gcc-arm-none-eabi/20180627/bin/../lib/gcc/arm-none-eabi/7.3.1/../../../../arm-none-eabi/lib/thumb/v7e-m/fpv4-sp/hard/libc_nano.a(lib_a-locale.o) (_ctype_)
/usr/local/Cellar/gcc-arm-none-eabi/20180627/bin/../lib/gcc/arm-none-eabi/7.3.1/../../../../arm-none-eabi/lib/thumb/v7e-m/fpv4-sp/hard/libnosys.a(_exit.o)
                              /usr/local/Cellar/gcc-arm-none-eabi/20180627/bin/../lib/gcc/arm-none-eabi/7.3.1/../../../../arm-none-eabi/lib/thumb/v7e-m/fpv4-sp/hard/libc_nano.a(lib_a-exit.o) (_exit)

Allocating common symbols
Common symbol       size              file

nrf_nvic_state      0xc               _build/nrf52832_xxaa/app_util_platform.c.o
nrf_drv_uart_use_easy_dma
                    0x1               _build/nrf52832_xxaa/nrf_drv_uart.c.o
_SEGGER_RTT         0x78              _build/nrf52832_xxaa/SEGGER_RTT.c.o

Discarded input sections

[...]
Memory Configuration

Name             Origin             Length             Attributes
FLASH            0x0000000000026000 0x000000000005a000 xr
RAM              0x00000000200022b8 0x000000000000dd48 xrw
*default*        0x0000000000000000 0xffffffffffffffff

Linker script and memory map


.text           0x0000000000026000     0x6998
 *(.isr_vector)
 .isr_vector    0x0000000000026000      0x200 _build/nrf52832_xxaa/gcc_startup_nrf52.S.o
                0x0000000000026000                __isr_vector
 *(.text*)
 .text          0x0000000000026200       0x40 /usr/local/Cellar/gcc-arm-none-eabi/20180627/bin/../lib/gcc/arm-none-eabi/7.3.1/thumb/v7e-m/fpv4-sp/hard/crtbegin.o
 .text          0x0000000000026240       0x74 /usr/local/Cellar/gcc-arm-none-eabi/20180627/bin/../lib/gcc/arm-none-eabi/7.3.1/../../../../arm-none-eabi/lib/thumb/v7e-m/fpv4-sp/hard/crt0.o
                0x0000000000026240                _mainCRTStartup
                0x0000000000026240                _start
 .text          0x00000000000262b4       0x3c _build/nrf52832_xxaa/gcc_startup_nrf52.S.o
                0x00000000000262b4                Reset_Handler
                0x00000000000262dc                NMI_Handler
                0x00000000000262de                HardFault_Handler
                0x00000000000262e0                MemoryManagement_Handler
                0x00000000000262e2                BusFault_Handler
                0x00000000000262e4                UsageFault_Handler
                0x00000000000262e6                SVC_Handler
                0x00000000000262e8                DebugMon_Handler
                0x00000000000262ea                PendSV_Handler
                0x00000000000262ec                SysTick_Handler
                0x00000000000262ee                TIMER4_IRQHandler
                0x00000000000262ee                I2S_IRQHandler
                0x00000000000262ee                SWI4_EGU4_IRQHandler
                0x00000000000262ee                TIMER0_IRQHandler
                0x00000000000262ee                PWM2_IRQHandler
                0x00000000000262ee                ECB_IRQHandler
                0x00000000000262ee                SPIM1_SPIS1_TWIM1_TWIS1_SPI1_TWI1_IRQHandler
                0x00000000000262ee                Default_Handler
                0x00000000000262ee                SAADC_IRQHandler
                0x00000000000262ee                CCM_AAR_IRQHandler
                0x00000000000262ee                WDT_IRQHandler
                0x00000000000262ee                SWI5_EGU5_IRQHandler
                0x00000000000262ee                RNG_IRQHandler
                0x00000000000262ee                RTC2_IRQHandler
                0x00000000000262ee                PWM0_IRQHandler
                0x00000000000262ee                SWI3_EGU3_IRQHandler
                0x00000000000262ee                SWI1_EGU1_IRQHandler
                0x00000000000262ee                SPIM2_SPIS2_SPI2_IRQHandler
                0x00000000000262ee                NFCT_IRQHandler
                0x00000000000262ee                MWU_IRQHandler
                0x00000000000262ee                TIMER2_IRQHandler
                0x00000000000262ee                COMP_LPCOMP_IRQHandler
                0x00000000000262ee                RTC0_IRQHandler
                0x00000000000262ee                PWM1_IRQHandler
                0x00000000000262ee                RADIO_IRQHandler
                0x00000000000262ee                PDM_IRQHandler
                0x00000000000262ee                TEMP_IRQHandler
                0x00000000000262ee                QDEC_IRQHandler
                0x00000000000262ee                TIMER3_IRQHandler
                0x00000000000262ee                FPU_IRQHandler
                0x00000000000262ee                SPIM0_SPIS0_TWIM0_TWIS0_SPI0_TWI0_IRQHandler
 .text.nrf_log_backend_serial_put
                0x00000000000262f0       0xd4 _build/nrf52832_xxaa/nrf_log_backend_serial.c.o
                0x00000000000262f0                nrf_log_backend_serial_put
 .text.uart_evt_handler
                0x00000000000263c4        0xc _build/nrf52832_xxaa/nrf_log_backend_uart.c.o
 .text.nrf_log_backend_uart_flush
                0x00000000000263d0        0x4 _build/nrf52832_xxaa/nrf_log_backend_uart.c.o
 .text.nrf_log_backend_uart_put
                0x00000000000263d4       0x20 _build/nrf52832_xxaa/nrf_log_backend_uart.c.o
 .text.serial_tx
                0x00000000000263f4       0x4c _build/nrf52832_xxaa/nrf_log_backend_uart.c.o
 .text.nrf_log_backend_uart_panic_set
                0x0000000000026440       0x60 _build/nrf52832_xxaa/nrf_log_backend_uart.c.o
 .text.nrf_log_backend_uart_init
                0x00000000000264a0       0x48 _build/nrf52832_xxaa/nrf_log_backend_uart.c.o
                0x00000000000264a0                nrf_log_backend_uart_init
 .text.nrf_log_default_backends_init
                0x00000000000264e8       0x1c _build/nrf52832_xxaa/nrf_log_default_backends.c.o
                0x00000000000264e8                nrf_log_default_backends_init
 .text.log_skip
                0x0000000000026504       0xd0 _build/nrf52832_xxaa/nrf_log_frontend.c.o
 .text.nrf_log_init
                0x00000000000265d4       0x50 _build/nrf52832_xxaa/nrf_log_frontend.c.o
                0x00000000000265d4                nrf_log_init
 .text.nrf_log_module_name_get
                0x0000000000026624       0x5c _build/nrf52832_xxaa/nrf_log_frontend.c.o
                0x0000000000026624                nrf_log_module_name_get
 .text.nrf_log_color_id_get
                0x0000000000026680       0x2c _build/nrf52832_xxaa/nrf_log_frontend.c.o
                0x0000000000026680                nrf_log_color_id_get
 .text.nrf_log_frontend_std_0
                0x00000000000266ac       0xf0 _build/nrf52832_xxaa/nrf_log_frontend.c.o
                0x00000000000266ac                nrf_log_frontend_std_0
 .text.nrf_log_frontend_dequeue.part.6
                0x000000000002679c      0x258 _build/nrf52832_xxaa/nrf_log_frontend.c.o
 .text.nrf_log_frontend_std_1
                0x00000000000269f4      0x100 _build/nrf52832_xxaa/nrf_log_frontend.c.o
                0x00000000000269f4                nrf_log_frontend_std_1
 .text.nrf_log_frontend_std_2
                0x0000000000026af4      0x104 _build/nrf52832_xxaa/nrf_log_frontend.c.o
                0x0000000000026af4                nrf_log_frontend_std_2
 .text.nrf_log_frontend_dequeue
                0x0000000000026bf8       0x18 _build/nrf52832_xxaa/nrf_log_frontend.c.o
                0x0000000000026bf8                nrf_log_frontend_dequeue
 .text.nrf_log_backend_add
                0x0000000000026c10       0x5c _build/nrf52832_xxaa/nrf_log_frontend.c.o
                0x0000000000026c10                nrf_log_backend_add
 .text.nrf_log_panic
                0x0000000000026c6c       0x28 _build/nrf52832_xxaa/nrf_log_frontend.c.o
                0x0000000000026c6c                nrf_log_panic
 .text.nrf_log_std_entry_process
                0x0000000000026c94      0x14c _build/nrf52832_xxaa/nrf_log_str_formatter.c.o
                0x0000000000026c94                nrf_log_std_entry_process
 .text.nrf_log_hexdump_entry_process
                0x0000000000026de0      0x158 _build/nrf52832_xxaa/nrf_log_str_formatter.c.o
                0x0000000000026de0                nrf_log_hexdump_entry_process
 .text.detection_delay_timeout_handler
                0x0000000000026f38      0x120 _build/nrf52832_xxaa/app_button.c.o
 .text.gpiote_event_handler
                0x0000000000027058       0xa8 _build/nrf52832_xxaa/app_button.c.o
 .text.app_button_init
                0x0000000000027100       0xb0 _build/nrf52832_xxaa/app_button.c.o
                0x0000000000027100                app_button_init
 .text.app_button_enable
                0x00000000000271b0       0x2c _build/nrf52832_xxaa/app_button.c.o
                0x00000000000271b0                app_button_enable
 .text.app_button_disable
                0x00000000000271dc       0x34 _build/nrf52832_xxaa/app_button.c.o
                0x00000000000271dc                app_button_disable
 .text.app_error_handler_bare
                0x0000000000027210       0x20 _build/nrf52832_xxaa/app_error.c.o
                0x0000000000027210                app_error_handler_bare
 .text.app_error_fault_handler
                0x0000000000027230       0x6c _build/nrf52832_xxaa/app_error_weak.c.o
                0x0000000000027230                app_error_fault_handler
 .text.RTC1_IRQHandler
                0x000000000002729c       0xa0 _build/nrf52832_xxaa/app_timer.c.o
                0x000000000002729c                RTC1_IRQHandler
 .text.SWI0_EGU0_IRQHandler
                0x000000000002733c      0x394 _build/nrf52832_xxaa/app_timer.c.o
                0x000000000002733c                SWI0_EGU0_IRQHandler
 .text.app_timer_init
                0x00000000000276d0       0xa8 _build/nrf52832_xxaa/app_timer.c.o
                0x00000000000276d0                app_timer_init
 .text.app_timer_create
                0x0000000000027778       0x24 _build/nrf52832_xxaa/app_timer.c.o
                0x0000000000027778                app_timer_create
 .text.app_timer_start
                0x000000000002779c       0xac _build/nrf52832_xxaa/app_timer.c.o
                0x000000000002779c                app_timer_start
 .text.app_timer_stop
                0x0000000000027848       0x74 _build/nrf52832_xxaa/app_timer.c.o
                0x0000000000027848                app_timer_stop
 .text.app_util_critical_region_enter
                0x00000000000278bc       0x4c _build/nrf52832_xxaa/app_util_platform.c.o
                0x00000000000278bc                app_util_critical_region_enter
 .text.app_util_critical_region_exit
                0x0000000000027908       0x30 _build/nrf52832_xxaa/app_util_platform.c.o
                0x0000000000027908                app_util_critical_region_exit
 .text.nrf_atflags_set
                0x0000000000027938       0x14 _build/nrf52832_xxaa/nrf_atflags.c.o
                0x0000000000027938                nrf_atflags_set
 .text.nrf_atflags_clear
                0x000000000002794c       0x14 _build/nrf52832_xxaa/nrf_atflags.c.o
                0x000000000002794c                nrf_atflags_clear
 .text.nrf_atflags_get
                0x0000000000027960       0x14 _build/nrf52832_xxaa/nrf_atflags.c.o
                0x0000000000027960                nrf_atflags_get
 .text.nrf_atomic_u32_fetch_store
                0x0000000000027974       0x14 _build/nrf52832_xxaa/nrf_atomic.c.o
                0x0000000000027974                nrf_atomic_u32_fetch_store
 .text.nrf_atomic_u32_or
                0x0000000000027988       0x18 _build/nrf52832_xxaa/nrf_atomic.c.o
                0x0000000000027988                nrf_atomic_u32_or
 .text.nrf_atomic_u32_and
                0x00000000000279a0       0x18 _build/nrf52832_xxaa/nrf_atomic.c.o
                0x00000000000279a0                nrf_atomic_u32_and
 .text.nrf_atomic_u32_add
                0x00000000000279b8       0x18 _build/nrf52832_xxaa/nrf_atomic.c.o
                0x00000000000279b8                nrf_atomic_u32_add
 .text.nrf_atomic_u32_sub
                0x00000000000279d0       0x18 _build/nrf52832_xxaa/nrf_atomic.c.o
                0x00000000000279d0                nrf_atomic_u32_sub
 .text.nrf_atomic_flag_set
                0x00000000000279e8       0x18 _build/nrf52832_xxaa/nrf_atomic.c.o
                0x00000000000279e8                nrf_atomic_flag_set
 .text.nrf_atomic_flag_clear_fetch
                0x0000000000027a00       0x18 _build/nrf52832_xxaa/nrf_atomic.c.o
                0x0000000000027a00                nrf_atomic_flag_clear_fetch
 .text.nrf_balloc_init
                0x0000000000027a18       0x38 _build/nrf52832_xxaa/nrf_balloc.c.o
                0x0000000000027a18                nrf_balloc_init
 .text.nrf_balloc_alloc
                0x0000000000027a50       0x50 _build/nrf52832_xxaa/nrf_balloc.c.o
                0x0000000000027a50                nrf_balloc_alloc
 .text.nrf_balloc_free
                0x0000000000027aa0       0x38 _build/nrf52832_xxaa/nrf_balloc.c.o
                0x0000000000027aa0                nrf_balloc_free
 .text.nrf_fprintf_buffer_flush
                0x0000000000027ad8       0x18 _build/nrf52832_xxaa/nrf_fprintf.c.o
                0x0000000000027ad8                nrf_fprintf_buffer_flush
 .text.nrf_fprintf
                0x0000000000027af0       0x20 _build/nrf52832_xxaa/nrf_fprintf.c.o
                0x0000000000027af0                nrf_fprintf
 .text.unsigned_print
                0x0000000000027b10      0x10c _build/nrf52832_xxaa/nrf_fprintf_format.c.o
 .text.nrf_fprintf_fmt
                0x0000000000027c1c      0x5bc _build/nrf52832_xxaa/nrf_fprintf_format.c.o
                0x0000000000027c1c                nrf_fprintf_fmt
 .text.nrf_memobj_pool_init
                0x00000000000281d8        0x4 _build/nrf52832_xxaa/nrf_memobj.c.o
                0x00000000000281d8                nrf_memobj_pool_init
 .text.nrf_memobj_alloc
                0x00000000000281dc       0x84 _build/nrf52832_xxaa/nrf_memobj.c.o
                0x00000000000281dc                nrf_memobj_alloc
 .text.nrf_memobj_get
                0x0000000000028260        0x8 _build/nrf52832_xxaa/nrf_memobj.c.o
                0x0000000000028260                nrf_memobj_get
 .text.nrf_memobj_put
                0x0000000000028268       0x44 _build/nrf52832_xxaa/nrf_memobj.c.o
                0x0000000000028268                nrf_memobj_put
 .text.nrf_memobj_write
                0x00000000000282ac       0x5c _build/nrf52832_xxaa/nrf_memobj.c.o
                0x00000000000282ac                nrf_memobj_write
 .text.nrf_memobj_read
                0x0000000000028308       0x5c _build/nrf52832_xxaa/nrf_memobj.c.o
                0x0000000000028308                nrf_memobj_read
 .text.sd_app_evt_wait
                0x0000000000028364        0x4 _build/nrf52832_xxaa/nrf_pwr_mgmt.c.o
 .text.nrf_pwr_mgmt_init
                0x0000000000028368       0x2c _build/nrf52832_xxaa/nrf_pwr_mgmt.c.o
                0x0000000000028368                nrf_pwr_mgmt_init
 .text.nrf_pwr_mgmt_run
                0x0000000000028394       0x50 _build/nrf52832_xxaa/nrf_pwr_mgmt.c.o
                0x0000000000028394                nrf_pwr_mgmt_run
 .text.nrf_section_iter_init
                0x00000000000283e4       0x14 _build/nrf52832_xxaa/nrf_section_iter.c.o
                0x00000000000283e4                nrf_section_iter_init
 .text.nrf_section_iter_next
                0x00000000000283f8       0x18 _build/nrf52832_xxaa/nrf_section_iter.c.o
                0x00000000000283f8                nrf_section_iter_next
 .text.nrf_strerror_get
                0x0000000000028410       0x6c _build/nrf52832_xxaa/nrf_strerror.c.o
                0x0000000000028410                nrf_strerror_get
 .text.SystemInit
                0x000000000002847c      0x3c0 _build/nrf52832_xxaa/system_nrf52.c.o
                0x000000000002847c                SystemInit
 .text.bsp_board_led_on
                0x000000000002883c       0x18 _build/nrf52832_xxaa/boards.c.o
                0x000000000002883c                bsp_board_led_on
 .text.bsp_board_led_off
                0x0000000000028854       0x18 _build/nrf52832_xxaa/boards.c.o
                0x0000000000028854                bsp_board_led_off
 .text.bsp_board_init
                0x000000000002886c       0x5c _build/nrf52832_xxaa/boards.c.o
                0x000000000002886c                bsp_board_init
 .text.uarte_evt_handler
                0x00000000000288c8       0x34 _build/nrf52832_xxaa/nrf_drv_uart.c.o
 .text.uart_evt_handler
                0x00000000000288fc       0x34 _build/nrf52832_xxaa/nrf_drv_uart.c.o
 .text.nrf_drv_uart_init
                0x0000000000028930       0x80 _build/nrf52832_xxaa/nrf_drv_uart.c.o
                0x0000000000028930                nrf_drv_uart_init
 .text.POWER_CLOCK_IRQHandler
                0x00000000000289b0       0x64 _build/nrf52832_xxaa/nrfx_clock.c.o
                0x00000000000289b0                POWER_CLOCK_IRQHandler
 .text.nrfx_gpiote_init
                0x0000000000028a14       0x8c _build/nrf52832_xxaa/nrfx_gpiote.c.o
                0x0000000000028a14                nrfx_gpiote_init
 .text.nrfx_gpiote_is_init
                0x0000000000028aa0       0x14 _build/nrf52832_xxaa/nrfx_gpiote.c.o
                0x0000000000028aa0                nrfx_gpiote_is_init
 .text.nrfx_gpiote_in_init
                0x0000000000028ab4      0x1bc _build/nrf52832_xxaa/nrfx_gpiote.c.o
                0x0000000000028ab4                nrfx_gpiote_in_init
 .text.nrfx_gpiote_in_event_enable
                0x0000000000028c70       0xc4 _build/nrf52832_xxaa/nrfx_gpiote.c.o
                0x0000000000028c70                nrfx_gpiote_in_event_enable
 .text.nrfx_gpiote_in_event_disable
                0x0000000000028d34       0x64 _build/nrf52832_xxaa/nrfx_gpiote.c.o
                0x0000000000028d34                nrfx_gpiote_in_event_disable
 .text.nrfx_gpiote_in_is_set
                0x0000000000028d98       0x14 _build/nrf52832_xxaa/nrfx_gpiote.c.o
                0x0000000000028d98                nrfx_gpiote_in_is_set
 .text.GPIOTE_IRQHandler
                0x0000000000028dac      0x548 _build/nrf52832_xxaa/nrfx_gpiote.c.o
                0x0000000000028dac                GPIOTE_IRQHandler
 .text.UARTE0_UART0_IRQHandler
                0x00000000000292f4        0xc _build/nrf52832_xxaa/nrfx_prs.c.o
                0x00000000000292f4                UARTE0_UART0_IRQHandler
 .text.nrfx_prs_acquire
                0x0000000000029300       0x4c _build/nrf52832_xxaa/nrfx_prs.c.o
                0x0000000000029300                nrfx_prs_acquire
 .text.nrfx_prs_release
                0x000000000002934c       0x18 _build/nrf52832_xxaa/nrfx_prs.c.o
                0x000000000002934c                nrfx_prs_release
 .text.nrfx_uart_0_irq_handler
                0x0000000000029364      0x1bc _build/nrf52832_xxaa/nrfx_uart.c.o
                0x0000000000029364                nrfx_uart_0_irq_handler
 .text.nrfx_uart_init
                0x0000000000029520      0x1a4 _build/nrf52832_xxaa/nrfx_uart.c.o
                0x0000000000029520                nrfx_uart_init
 .text.nrfx_uart_uninit
                0x00000000000296c4       0xcc _build/nrf52832_xxaa/nrfx_uart.c.o
                0x00000000000296c4                nrfx_uart_uninit
 .text.nrfx_uart_tx
                0x0000000000029790       0xcc _build/nrf52832_xxaa/nrfx_uart.c.o
                0x0000000000029790                nrfx_uart_tx
 .text.nrfx_uarte_0_irq_handler
                0x000000000002985c      0x128 _build/nrf52832_xxaa/nrfx_uarte.c.o
                0x000000000002985c                nrfx_uarte_0_irq_handler
 .text.nrfx_uarte_init
                0x0000000000029984      0x1c4 _build/nrf52832_xxaa/nrfx_uarte.c.o
                0x0000000000029984                nrfx_uarte_init
 .text.nrfx_uarte_uninit
                0x0000000000029b48       0xd0 _build/nrf52832_xxaa/nrfx_uarte.c.o
                0x0000000000029b48                nrfx_uarte_uninit
 .text.nrfx_uarte_tx
                0x0000000000029c18       0xa0 _build/nrf52832_xxaa/nrfx_uarte.c.o
                0x0000000000029c18                nrfx_uarte_tx
 .text.nrfx_timer_init
                0x0000000000029cb8       0xfc _build/nrf52832_xxaa/nrfx_timer.c.o
                0x0000000000029cb8                nrfx_timer_init
 .text.nrfx_timer_resume
                0x0000000000029db4        0x8 _build/nrf52832_xxaa/nrfx_timer.c.o
                0x0000000000029db4                nrfx_timer_resume
 .text.nrfx_timer_pause
                0x0000000000029dbc        0x8 _build/nrf52832_xxaa/nrfx_timer.c.o
                0x0000000000029dbc                nrfx_timer_pause
 .text.nrfx_timer_extended_compare
                0x0000000000029dc4       0x60 _build/nrf52832_xxaa/nrfx_timer.c.o
                0x0000000000029dc4                nrfx_timer_extended_compare
 .text.TIMER1_IRQHandler
                0x0000000000029e24       0x58 _build/nrf52832_xxaa/nrfx_timer.c.o
                0x0000000000029e24                TIMER1_IRQHandler
 .text.sd_ble_gap_adv_set_configure
                0x0000000000029e7c        0x4 _build/nrf52832_xxaa/main.c.o
 .text.sd_ble_gap_adv_start
                0x0000000000029e80        0x4 _build/nrf52832_xxaa/main.c.o
 .text.sd_ble_gap_disconnect
                0x0000000000029e84        0x4 _build/nrf52832_xxaa/main.c.o
 .text.sd_ble_gap_ppcp_set
                0x0000000000029e88        0x4 _build/nrf52832_xxaa/main.c.o
 .text.sd_ble_gap_device_name_set
                0x0000000000029e8c        0x4 _build/nrf52832_xxaa/main.c.o
 .text.sd_ble_gap_sec_params_reply
                0x0000000000029e90        0x4 _build/nrf52832_xxaa/main.c.o
 .text.sd_ble_gap_phy_update
                0x0000000000029e94        0x4 _build/nrf52832_xxaa/main.c.o
 .text.sd_ble_gatts_sys_attr_set
                0x0000000000029e98        0x4 _build/nrf52832_xxaa/main.c.o
 .text.nrf_qwr_error_handler
                0x0000000000029e9c        0x4 _build/nrf52832_xxaa/main.c.o
 .text.on_conn_params_evt
                0x0000000000029ea0       0x24 _build/nrf52832_xxaa/main.c.o
 .text.button_event_handler
                0x0000000000029ec4       0x58 _build/nrf52832_xxaa/main.c.o
 .text.led_write_handler
                0x0000000000029f1c       0x2c _build/nrf52832_xxaa/main.c.o
 .text.led_timer_event_handler
                0x0000000000029f48       0xc8 _build/nrf52832_xxaa/main.c.o
 .text.conn_params_error_handler
                0x000000000002a010        0x4 _build/nrf52832_xxaa/main.c.o
 .text.code_write_handler
                0x000000000002a014       0xac _build/nrf52832_xxaa/main.c.o
 .text.ble_evt_handler
                0x000000000002a0c0      0x25c _build/nrf52832_xxaa/main.c.o
 .text.startup.main
                0x000000000002a31c      0x2e8 _build/nrf52832_xxaa/main.c.o
                0x000000000002a31c                main
 .text.sd_ble_gatts_service_add
                0x000000000002a604        0x4 _build/nrf52832_xxaa/code_service.c.o
 .text.sd_ble_uuid_vs_add
                0x000000000002a608        0x4 _build/nrf52832_xxaa/code_service.c.o
 .text.code_service_on_ble_evt
                0x000000000002a60c       0x48 _build/nrf52832_xxaa/code_service.c.o
                0x000000000002a60c                code_service_on_ble_evt
 .text.code_service_init
                0x000000000002a654       0x88 _build/nrf52832_xxaa/code_service.c.o
                0x000000000002a654                code_service_init
 .text.sd_ble_gap_addr_get
                0x000000000002a6dc        0x4 _build/nrf52832_xxaa/ble_advdata.c.o
 .text.sd_ble_gap_appearance_get
                0x000000000002a6e0        0x4 _build/nrf52832_xxaa/ble_advdata.c.o
 .text.sd_ble_gap_device_name_get
                0x000000000002a6e4        0x4 _build/nrf52832_xxaa/ble_advdata.c.o
 .text.sd_ble_uuid_encode
                0x000000000002a6e8        0x4 _build/nrf52832_xxaa/ble_advdata.c.o
 .text.uuid_list_sized_encode
                0x000000000002a6ec       0xb4 _build/nrf52832_xxaa/ble_advdata.c.o
 .text.ble_advdata_encode
                0x000000000002a7a0      0x3f8 _build/nrf52832_xxaa/ble_advdata.c.o
                0x000000000002a7a0                ble_advdata_encode
 .text.sd_ble_gap_conn_param_update
                0x000000000002ab98        0x4 _build/nrf52832_xxaa/ble_conn_params.c.o
 .text.sd_ble_gap_disconnect
                0x000000000002ab9c        0x4 _build/nrf52832_xxaa/ble_conn_params.c.o
 .text.sd_ble_gap_ppcp_set
                0x000000000002aba0        0x4 _build/nrf52832_xxaa/ble_conn_params.c.o
 .text.sd_ble_gap_ppcp_get
                0x000000000002aba4        0x4 _build/nrf52832_xxaa/ble_conn_params.c.o
 .text.update_timeout_handler
                0x000000000002aba8       0x80 _build/nrf52832_xxaa/ble_conn_params.c.o
 .text.ble_evt_handler
                0x000000000002ac28      0x1d4 _build/nrf52832_xxaa/ble_conn_params.c.o
 .text.ble_conn_params_init
                0x000000000002adfc       0x7c _build/nrf52832_xxaa/ble_conn_params.c.o
                0x000000000002adfc                ble_conn_params_init
 .text.ble_evt_handler
                0x000000000002ae78      0x124 _build/nrf52832_xxaa/ble_conn_state.c.o
 .text.sd_ble_gatts_characteristic_add
                0x000000000002af9c        0x4 _build/nrf52832_xxaa/ble_srv_common.c.o
 .text.ble_srv_is_notification_enabled
                0x000000000002afa0        0x8 _build/nrf52832_xxaa/ble_srv_common.c.o
                0x000000000002afa0                ble_srv_is_notification_enabled
 .text.characteristic_add
                0x000000000002afa8      0x270 _build/nrf52832_xxaa/ble_srv_common.c.o
                0x000000000002afa8                characteristic_add
 .text.sd_ble_gap_data_length_update
                0x000000000002b218        0x4 _build/nrf52832_xxaa/nrf_ble_gatt.c.o
 .text.sd_ble_gattc_exchange_mtu_request
                0x000000000002b21c        0x4 _build/nrf52832_xxaa/nrf_ble_gatt.c.o
 .text.sd_ble_gatts_exchange_mtu_reply
                0x000000000002b220        0x4 _build/nrf52832_xxaa/nrf_ble_gatt.c.o
 .text.data_length_update.constprop.6
                0x000000000002b224       0x8c _build/nrf52832_xxaa/nrf_ble_gatt.c.o
 .text.nrf_ble_gatt_init
                0x000000000002b2b0       0x2c _build/nrf52832_xxaa/nrf_ble_gatt.c.o
                0x000000000002b2b0                nrf_ble_gatt_init
 .text.nrf_ble_gatt_on_ble_evt
                0x000000000002b2dc      0x1ac _build/nrf52832_xxaa/nrf_ble_gatt.c.o
                0x000000000002b2dc                nrf_ble_gatt_on_ble_evt
 .text.sd_ble_gatts_rw_authorize_reply
                0x000000000002b488        0x4 _build/nrf52832_xxaa/nrf_ble_qwr.c.o
 .text.sd_ble_user_mem_reply
                0x000000000002b48c        0x4 _build/nrf52832_xxaa/nrf_ble_qwr.c.o
 .text.nrf_ble_qwr_init
                0x000000000002b490       0x24 _build/nrf52832_xxaa/nrf_ble_qwr.c.o
                0x000000000002b490                nrf_ble_qwr_init
 .text.nrf_ble_qwr_conn_handle_assign
                0x000000000002b4b4       0x18 _build/nrf52832_xxaa/nrf_ble_qwr.c.o
                0x000000000002b4b4                nrf_ble_qwr_conn_handle_assign
 .text.nrf_ble_qwr_on_ble_evt
                0x000000000002b4cc       0xf8 _build/nrf52832_xxaa/nrf_ble_qwr.c.o
                0x000000000002b4cc                nrf_ble_qwr_on_ble_evt
 .text.sd_ble_gatts_service_add
                0x000000000002b5c4        0x4 _build/nrf52832_xxaa/ble_lbs.c.o
 .text.sd_ble_gatts_characteristic_add
                0x000000000002b5c8        0x4 _build/nrf52832_xxaa/ble_lbs.c.o
 .text.sd_ble_gatts_hvx
                0x000000000002b5cc        0x4 _build/nrf52832_xxaa/ble_lbs.c.o
 .text.sd_ble_uuid_vs_add
                0x000000000002b5d0        0x4 _build/nrf52832_xxaa/ble_lbs.c.o
 .text.ble_lbs_on_ble_evt
                0x000000000002b5d4       0x30 _build/nrf52832_xxaa/ble_lbs.c.o
                0x000000000002b5d4                ble_lbs_on_ble_evt
 .text.ble_lbs_init
                0x000000000002b604      0x1a8 _build/nrf52832_xxaa/ble_lbs.c.o
                0x000000000002b604                ble_lbs_init
 .text.ble_lbs_on_button_change
                0x000000000002b7ac       0x40 _build/nrf52832_xxaa/ble_lbs.c.o
                0x000000000002b7ac                ble_lbs_on_button_change
 .text.sd_softdevice_enable
                0x000000000002b7ec        0x4 _build/nrf52832_xxaa/nrf_sdh.c.o
 .text.nrf_sdh_enable_request
                0x000000000002b7f0      0x120 _build/nrf52832_xxaa/nrf_sdh.c.o
                0x000000000002b7f0                nrf_sdh_enable_request
 .text.nrf_sdh_is_enabled
                0x000000000002b910        0xc _build/nrf52832_xxaa/nrf_sdh.c.o
                0x000000000002b910                nrf_sdh_is_enabled
 .text.SWI2_EGU2_IRQHandler
                0x000000000002b91c       0x2c _build/nrf52832_xxaa/nrf_sdh.c.o
                0x000000000002b91c                SWI2_EGU2_IRQHandler
 .text.sd_ble_enable
                0x000000000002b948        0x4 _build/nrf52832_xxaa/nrf_sdh_ble.c.o
 .text.sd_ble_cfg_set
                0x000000000002b94c        0x4 _build/nrf52832_xxaa/nrf_sdh_ble.c.o
 .text.sd_ble_evt_get
                0x000000000002b950        0x4 _build/nrf52832_xxaa/nrf_sdh_ble.c.o
 .text.nrf_sdh_ble_evts_poll
                0x000000000002b954       0x58 _build/nrf52832_xxaa/nrf_sdh_ble.c.o
 .text.nrf_sdh_ble_default_cfg_set
                0x000000000002b9ac      0x168 _build/nrf52832_xxaa/nrf_sdh_ble.c.o
                0x000000000002b9ac                nrf_sdh_ble_default_cfg_set
 .text.nrf_sdh_ble_enable
                0x000000000002bb14       0x9c _build/nrf52832_xxaa/nrf_sdh_ble.c.o
                0x000000000002bb14                nrf_sdh_ble_enable
 .text.sd_evt_get
                0x000000000002bbb0        0x4 _build/nrf52832_xxaa/nrf_sdh_soc.c.o
 .text.nrf_sdh_soc_evts_poll
                0x000000000002bbb4       0x4c _build/nrf52832_xxaa/nrf_sdh_soc.c.o
 .text.exit     0x000000000002bc00       0x28 /usr/local/Cellar/gcc-arm-none-eabi/20180627/bin/../lib/gcc/arm-none-eabi/7.3.1/../../../../arm-none-eabi/lib/thumb/v7e-m/fpv4-sp/hard/libc_nano.a(lib_a-exit.o)
                0x000000000002bc00                exit
 .text.__libc_init_array
                0x000000000002bc28       0x48 /usr/local/Cellar/gcc-arm-none-eabi/20180627/bin/../lib/gcc/arm-none-eabi/7.3.1/../../../../arm-none-eabi/lib/thumb/v7e-m/fpv4-sp/hard/libc_nano.a(lib_a-init.o)
                0x000000000002bc28                __libc_init_array
 .text.__locale_ctype_ptr
                0x000000000002bc70       0x1c /usr/local/Cellar/gcc-arm-none-eabi/20180627/bin/../lib/gcc/arm-none-eabi/7.3.1/../../../../arm-none-eabi/lib/thumb/v7e-m/fpv4-sp/hard/libc_nano.a(lib_a-locale.o)
                0x000000000002bc70                __locale_ctype_ptr
 .text.__ascii_mbtowc
                0x000000000002bc8c       0x24 /usr/local/Cellar/gcc-arm-none-eabi/20180627/bin/../lib/gcc/arm-none-eabi/7.3.1/../../../../arm-none-eabi/lib/thumb/v7e-m/fpv4-sp/hard/libc_nano.a(lib_a-mbtowc_r.o)
                0x000000000002bc8c                __ascii_mbtowc
 .text.memcpy   0x000000000002bcb0       0x16 /usr/local/Cellar/gcc-arm-none-eabi/20180627/bin/../lib/gcc/arm-none-eabi/7.3.1/../../../../arm-none-eabi/lib/thumb/v7e-m/fpv4-sp/hard/libc_nano.a(lib_a-memcpy-stub.o)
                0x000000000002bcb0                memcpy
 .text.memset   0x000000000002bcc6       0x10 /usr/local/Cellar/gcc-arm-none-eabi/20180627/bin/../lib/gcc/arm-none-eabi/7.3.1/../../../../arm-none-eabi/lib/thumb/v7e-m/fpv4-sp/hard/libc_nano.a(lib_a-memset.o)
                0x000000000002bcc6                memset
 .text          0x000000000002bcd6       0x10 /usr/local/Cellar/gcc-arm-none-eabi/20180627/bin/../lib/gcc/arm-none-eabi/7.3.1/../../../../arm-none-eabi/lib/thumb/v7e-m/fpv4-sp/hard/libc_nano.a(lib_a-strlen.o)
                0x000000000002bcd6                strlen
 .text.__ascii_wctomb
                0x000000000002bce6       0x1a /usr/local/Cellar/gcc-arm-none-eabi/20180627/bin/../lib/gcc/arm-none-eabi/7.3.1/../../../../arm-none-eabi/lib/thumb/v7e-m/fpv4-sp/hard/libc_nano.a(lib_a-wctomb_r.o)
                0x000000000002bce6                __ascii_wctomb
 .text._exit    0x000000000002bd00        0x4 /usr/local/Cellar/gcc-arm-none-eabi/20180627/bin/../lib/gcc/arm-none-eabi/7.3.1/../../../../arm-none-eabi/lib/thumb/v7e-m/fpv4-sp/hard/libnosys.a(_exit.o)
                0x000000000002bd00                _exit
 *(.init)
 .init          0x000000000002bd04        0x4 /usr/local/Cellar/gcc-arm-none-eabi/20180627/bin/../lib/gcc/arm-none-eabi/7.3.1/thumb/v7e-m/fpv4-sp/hard/crti.o
                0x000000000002bd04                _init
 .init          0x000000000002bd08        0x8 /usr/local/Cellar/gcc-arm-none-eabi/20180627/bin/../lib/gcc/arm-none-eabi/7.3.1/thumb/v7e-m/fpv4-sp/hard/crtn.o
 *(.fini)
 .fini          0x000000000002bd10        0x4 /usr/local/Cellar/gcc-arm-none-eabi/20180627/bin/../lib/gcc/arm-none-eabi/7.3.1/thumb/v7e-m/fpv4-sp/hard/crti.o
                0x000000000002bd10                _fini
 .fini          0x000000000002bd14        0x8 /usr/local/Cellar/gcc-arm-none-eabi/20180627/bin/../lib/gcc/arm-none-eabi/7.3.1/thumb/v7e-m/fpv4-sp/hard/crtn.o
 *crtbegin.o(.ctors)
 *crtbegin?.o(.ctors)
 *(EXCLUDE_FILE(*crtend.o *crtend?.o) .ctors)
 *(SORT_BY_NAME(.ctors.*))
 *(.ctors)
 *crtbegin.o(.dtors)
 *crtbegin?.o(.dtors)
 *(EXCLUDE_FILE(*crtend.o *crtend?.o) .dtors)
 *(SORT_BY_NAME(.dtors.*))
 *(.dtors)
 *(.rodata*)
 .rodata        0x000000000002bd1c       0x20 _build/nrf52832_xxaa/nrf_log_backend_uart.c.o
 .rodata.nrf_log_backend_uart_api
                0x000000000002bd3c        0xc _build/nrf52832_xxaa/nrf_log_backend_uart.c.o
                0x000000000002bd3c                nrf_log_backend_uart_api
 .rodata.nrf_log_frontend_dequeue.part.6.str1.4
                0x000000000002bd48       0x11 _build/nrf52832_xxaa/nrf_log_frontend.c.o
 *fill*         0x000000000002bd59        0x3 
 .rodata.str1.4
                0x000000000002bd5c       0x17 _build/nrf52832_xxaa/nrf_log_frontend.c.o
 *fill*         0x000000000002bd73        0x1 
 .rodata.m_colors
                0x000000000002bd74       0x24 _build/nrf52832_xxaa/nrf_log_str_formatter.c.o
 .rodata.nrf_log_hexdump_entry_process.str1.4
                0x000000000002bd98       0x13 _build/nrf52832_xxaa/nrf_log_str_formatter.c.o
                                         0x16 (size before relaxing)
 *fill*         0x000000000002bdab        0x1 
 .rodata.nrf_log_std_entry_process.str1.4
                0x000000000002bdac       0x3b _build/nrf52832_xxaa/nrf_log_str_formatter.c.o
 *fill*         0x000000000002bde7        0x1 
 .rodata.severity_names
                0x000000000002bde8       0x14 _build/nrf52832_xxaa/nrf_log_str_formatter.c.o
 .rodata.str1.4
                0x000000000002bdfc       0x56 _build/nrf52832_xxaa/nrf_log_str_formatter.c.o
 *fill*         0x000000000002be52        0x2 
 .rodata.m_detection_delay_timer_id
                0x000000000002be54        0x4 _build/nrf52832_xxaa/app_button.c.o
 .rodata.app_error_fault_handler.str1.4
                0x000000000002be58       0x19 _build/nrf52832_xxaa/app_error_weak.c.o
 *fill*         0x000000000002be71        0xf 
 .rodata.delay_bytecode.8697
                0x000000000002be80        0x6 _build/nrf52832_xxaa/app_timer.c.o
 *fill*         0x000000000002be86        0x2 
 .rodata._aV2C.7399
                0x000000000002be88       0x10 _build/nrf52832_xxaa/nrf_fprintf_format.c.o
 .rodata.pwr_mgmt_data
                0x000000000002be98        0xc _build/nrf52832_xxaa/nrf_pwr_mgmt.c.o
 .rodata.str1.4
                0x000000000002bea4        0x9 _build/nrf52832_xxaa/nrf_pwr_mgmt.c.o
 *fill*         0x000000000002bead        0x3 
 .rodata.m_unknown_str
                0x000000000002beb0       0x13 _build/nrf52832_xxaa/nrf_strerror.c.o
 *fill*         0x000000000002bec3        0x1 
 .rodata.nrf_strerror_array
                0x000000000002bec4      0x128 _build/nrf52832_xxaa/nrf_strerror.c.o
 .rodata.str1.4
                0x000000000002bfec      0x3e9 _build/nrf52832_xxaa/nrf_strerror.c.o
 *fill*         0x000000000002c3d5        0x3 
 .rodata.m_board_led_list
                0x000000000002c3d8        0x4 _build/nrf52832_xxaa/boards.c.o
 .rodata.str1.4
                0x000000000002c3dc        0x6 _build/nrf52832_xxaa/nrfx_clock.c.o
 *fill*         0x000000000002c3e2        0x2 
 .rodata.str1.4
                0x000000000002c3e4        0x7 _build/nrf52832_xxaa/nrfx_gpiote.c.o
 *fill*         0x000000000002c3eb        0x1 
 .rodata.str1.4
                0x000000000002c3ec        0x4 _build/nrf52832_xxaa/nrfx_prs.c.o
 .rodata.str1.4
                0x000000000002c3f0        0x5 _build/nrf52832_xxaa/nrfx_uart.c.o
 *fill*         0x000000000002c3f5        0x3 
 .rodata.str1.4
                0x000000000002c3f8        0x6 _build/nrf52832_xxaa/nrfx_uarte.c.o
 *fill*         0x000000000002c3fe        0x2 
 .rodata.str1.4
                0x000000000002c400        0x6 _build/nrf52832_xxaa/nrfx_timer.c.o
 *fill*         0x000000000002c406        0x2 
 .rodata        0x000000000002c408        0x8 _build/nrf52832_xxaa/main.c.o
 .rodata.ble_evt_handler.str1.4
                0x000000000002c410       0x19 _build/nrf52832_xxaa/main.c.o
 *fill*         0x000000000002c429        0x3 
 .rodata.button_event_handler.str1.4
                0x000000000002c42c       0x1a _build/nrf52832_xxaa/main.c.o
 *fill*         0x000000000002c446        0xa 
 .rodata.delay_bytecode.9981
                0x000000000002c450        0x6 _build/nrf52832_xxaa/main.c.o
 *fill*         0x000000000002c456        0x2 
 .rodata.led_timer
                0x000000000002c458        0x8 _build/nrf52832_xxaa/main.c.o
                0x000000000002c458                led_timer
 .rodata.main.str1.4
                0x000000000002c460        0xd _build/nrf52832_xxaa/main.c.o
 *fill*         0x000000000002c46d        0x3 
 .rodata        0x000000000002c470       0x10 _build/nrf52832_xxaa/code_service.c.o
 .rodata.code_service_on_ble_evt.str1.4
                0x000000000002c480        0x3 _build/nrf52832_xxaa/code_service.c.o
 *fill*         0x000000000002c483        0x1 
 .rodata.data_length_update.constprop.6.str1.4
                0x000000000002c484       0xe2 _build/nrf52832_xxaa/nrf_ble_gatt.c.o
 *fill*         0x000000000002c566        0x2 
 .rodata.nrf_ble_gatt_on_ble_evt.str1.4
                0x000000000002c568       0x63 _build/nrf52832_xxaa/nrf_ble_gatt.c.o
 *fill*         0x000000000002c5cb        0x1 
 .rodata.str1.4
                0x000000000002c5cc        0xd _build/nrf52832_xxaa/nrf_ble_gatt.c.o
 *fill*         0x000000000002c5d9        0x3 
 .rodata        0x000000000002c5dc       0x10 _build/nrf52832_xxaa/ble_lbs.c.o
 .rodata        0x000000000002c5ec        0x4 _build/nrf52832_xxaa/nrf_sdh.c.o
 .rodata.sdh_req_observers
                0x000000000002c5f0        0xc _build/nrf52832_xxaa/nrf_sdh.c.o
 .rodata.sdh_stack_observers
                0x000000000002c5fc        0xc _build/nrf52832_xxaa/nrf_sdh.c.o
 .rodata.sdh_state_observers
                0x000000000002c608        0xc _build/nrf52832_xxaa/nrf_sdh.c.o
 .rodata.str1.4
                0x000000000002c614        0x8 _build/nrf52832_xxaa/nrf_sdh.c.o
 .rodata.nrf_sdh_ble_default_cfg_set.str1.4
                0x000000000002c61c      0x187 _build/nrf52832_xxaa/nrf_sdh_ble.c.o
 *fill*         0x000000000002c7a3        0x1 
 .rodata.nrf_sdh_ble_enable.str1.4
                0x000000000002c7a4       0xad _build/nrf52832_xxaa/nrf_sdh_ble.c.o
 *fill*         0x000000000002c851        0x3 
 .rodata.sdh_ble_observers
                0x000000000002c854        0xc _build/nrf52832_xxaa/nrf_sdh_ble.c.o
 .rodata.str1.4
                0x000000000002c860        0xc _build/nrf52832_xxaa/nrf_sdh_ble.c.o
 .rodata.sdh_soc_observers
                0x000000000002c86c        0xc _build/nrf52832_xxaa/nrf_sdh_soc.c.o
 .rodata.str1.4
                0x000000000002c878        0xc _build/nrf52832_xxaa/nrf_sdh_soc.c.o
 .rodata._global_impure_ptr
                0x000000000002c884        0x4 /usr/local/Cellar/gcc-arm-none-eabi/20180627/bin/../lib/gcc/arm-none-eabi/7.3.1/../../../../arm-none-eabi/lib/thumb/v7e-m/fpv4-sp/hard/libc_nano.a(lib_a-impure.o)
                0x000000000002c884                _global_impure_ptr
 .rodata._setlocale_r.str1.1
                0x000000000002c888        0x8 /usr/local/Cellar/gcc-arm-none-eabi/20180627/bin/../lib/gcc/arm-none-eabi/7.3.1/../../../../arm-none-eabi/lib/thumb/v7e-m/fpv4-sp/hard/libc_nano.a(lib_a-locale.o)
                                          0x9 (size before relaxing)
 .rodata.str1.1
                0x000000000002c890        0x2 /usr/local/Cellar/gcc-arm-none-eabi/20180627/bin/../lib/gcc/arm-none-eabi/7.3.1/../../../../arm-none-eabi/lib/thumb/v7e-m/fpv4-sp/hard/libc_nano.a(lib_a-locale.o)
 .rodata._ctype_
                0x000000000002c892      0x101 /usr/local/Cellar/gcc-arm-none-eabi/20180627/bin/../lib/gcc/arm-none-eabi/7.3.1/../../../../arm-none-eabi/lib/thumb/v7e-m/fpv4-sp/hard/libc_nano.a(lib_a-ctype_.o)
                0x000000000002c892                _ctype_
 *(.eh_frame*)
 *fill*         0x000000000002c993        0x1 
 .eh_frame      0x000000000002c994        0x0 /usr/local/Cellar/gcc-arm-none-eabi/20180627/bin/../lib/gcc/arm-none-eabi/7.3.1/thumb/v7e-m/fpv4-sp/hard/crtbegin.o
 .eh_frame      0x000000000002c994        0x4 /usr/local/Cellar/gcc-arm-none-eabi/20180627/bin/../lib/gcc/arm-none-eabi/7.3.1/thumb/v7e-m/fpv4-sp/hard/crtend.o

.glue_7         0x000000000002c998        0x0
 .glue_7        0x000000000002c998        0x0 linker stubs

.glue_7t        0x000000000002c998        0x0
 .glue_7t       0x000000000002c998        0x0 linker stubs

.vfp11_veneer   0x000000000002c998        0x0
 .vfp11_veneer  0x000000000002c998        0x0 linker stubs

.v4_bx          0x000000000002c998        0x0
 .v4_bx         0x000000000002c998        0x0 linker stubs

.iplt           0x000000000002c998        0x0
 .iplt          0x000000000002c998        0x0 /usr/local/Cellar/gcc-arm-none-eabi/20180627/bin/../lib/gcc/arm-none-eabi/7.3.1/thumb/v7e-m/fpv4-sp/hard/crtbegin.o

.mem_section_dummy_rom

.sdh_soc_observers
                0x000000000002c998        0x0
                0x000000000002c998                PROVIDE (__start_sdh_soc_observers = .)
 *(SORT_BY_NAME(.sdh_soc_observers*))
                0x000000000002c998                PROVIDE (__stop_sdh_soc_observers = .)

.pwr_mgmt_data  0x000000000002c998        0x0
                0x000000000002c998                PROVIDE (__start_pwr_mgmt_data = .)
 *(SORT_BY_NAME(.pwr_mgmt_data*))
                0x000000000002c998                PROVIDE (__stop_pwr_mgmt_data = .)

.sdh_ble_observers
                0x000000000002c998       0x38
                0x000000000002c998                PROVIDE (__start_sdh_ble_observers = .)
 *(SORT_BY_NAME(.sdh_ble_observers*))
 .sdh_ble_observers0
                0x000000000002c998        0x8 _build/nrf52832_xxaa/ble_conn_state.c.o
 .sdh_ble_observers1
                0x000000000002c9a0        0x8 _build/nrf52832_xxaa/main.c.o
 .sdh_ble_observers1
                0x000000000002c9a8        0x8 _build/nrf52832_xxaa/ble_conn_params.c.o
 .sdh_ble_observers2
                0x000000000002c9b0       0x18 _build/nrf52832_xxaa/main.c.o
 .sdh_ble_observers3
                0x000000000002c9c8        0x8 _build/nrf52832_xxaa/main.c.o
                0x000000000002c9d0                PROVIDE (__stop_sdh_ble_observers = .)

.log_const_data
                0x000000000002c9d0       0x68
                0x000000000002c9d0                PROVIDE (__start_log_const_data = .)
 *(SORT_BY_NAME(.log_const_data*))
 .log_const_data_CLOCK
                0x000000000002c9d0        0x8 _build/nrf52832_xxaa/nrfx_clock.c.o
                0x000000000002c9d0                m_nrf_log_CLOCK_logs_data_const
 .log_const_data_GPIOTE
                0x000000000002c9d8        0x8 _build/nrf52832_xxaa/nrfx_gpiote.c.o
                0x000000000002c9d8                m_nrf_log_GPIOTE_logs_data_const
 .log_const_data_PRS
                0x000000000002c9e0        0x8 _build/nrf52832_xxaa/nrfx_prs.c.o
                0x000000000002c9e0                m_nrf_log_PRS_logs_data_const
 .log_const_data_TIMER
                0x000000000002c9e8        0x8 _build/nrf52832_xxaa/nrfx_timer.c.o
                0x000000000002c9e8                m_nrf_log_TIMER_logs_data_const
 .log_const_data_UART
                0x000000000002c9f0        0x8 _build/nrf52832_xxaa/nrfx_uart.c.o
                0x000000000002c9f0                m_nrf_log_UART_logs_data_const
 .log_const_data_UARTE
                0x000000000002c9f8        0x8 _build/nrf52832_xxaa/nrfx_uarte.c.o
                0x000000000002c9f8                m_nrf_log_UARTE_logs_data_const
 .log_const_data_app
                0x000000000002ca00        0x8 _build/nrf52832_xxaa/nrf_log_frontend.c.o
                0x000000000002ca00                m_nrf_log_app_logs_data_const
 .log_const_data_balloc_log_mempool
                0x000000000002ca08        0x8 _build/nrf52832_xxaa/nrf_log_frontend.c.o
                0x000000000002ca08                m_nrf_log_balloc_log_mempool_logs_data_const
 .log_const_data_nrf_ble_gatt
                0x000000000002ca10        0x8 _build/nrf52832_xxaa/nrf_ble_gatt.c.o
                0x000000000002ca10                m_nrf_log_nrf_ble_gatt_logs_data_const
 .log_const_data_nrf_sdh
                0x000000000002ca18        0x8 _build/nrf52832_xxaa/nrf_sdh.c.o
                0x000000000002ca18                m_nrf_log_nrf_sdh_logs_data_const
 .log_const_data_nrf_sdh_ble
                0x000000000002ca20        0x8 _build/nrf52832_xxaa/nrf_sdh_ble.c.o
                0x000000000002ca20                m_nrf_log_nrf_sdh_ble_logs_data_const
 .log_const_data_nrf_sdh_soc
                0x000000000002ca28        0x8 _build/nrf52832_xxaa/nrf_sdh_soc.c.o
                0x000000000002ca28                m_nrf_log_nrf_sdh_soc_logs_data_const
 .log_const_data_pwr_mgmt
                0x000000000002ca30        0x8 _build/nrf52832_xxaa/nrf_pwr_mgmt.c.o
                0x000000000002ca30                m_nrf_log_pwr_mgmt_logs_data_const
                0x000000000002ca38                PROVIDE (__stop_log_const_data = .)

.nrf_balloc     0x000000000002ca38       0x18
                [!provide]                        PROVIDE (__start_nrf_balloc = .)
 *(.nrf_balloc)
 .nrf_balloc    0x000000000002ca38       0x18 _build/nrf52832_xxaa/nrf_log_frontend.c.o
                0x000000000002ca38                log_mempool
                [!provide]                        PROVIDE (__stop_nrf_balloc = .)

.sdh_state_observers
                0x000000000002ca50        0x0
                0x000000000002ca50                PROVIDE (__start_sdh_state_observers = .)
 *(SORT_BY_NAME(.sdh_state_observers*))
                0x000000000002ca50                PROVIDE (__stop_sdh_state_observers = .)

.sdh_stack_observers
                0x000000000002ca50       0x10
                0x000000000002ca50                PROVIDE (__start_sdh_stack_observers = .)
 *(SORT_BY_NAME(.sdh_stack_observers*))
 .sdh_stack_observers0
                0x000000000002ca50        0x8 _build/nrf52832_xxaa/nrf_sdh_ble.c.o
 .sdh_stack_observers0
                0x000000000002ca58        0x8 _build/nrf52832_xxaa/nrf_sdh_soc.c.o
                0x000000000002ca60                PROVIDE (__stop_sdh_stack_observers = .)

.sdh_req_observers
                0x000000000002ca60        0x0
                0x000000000002ca60                PROVIDE (__start_sdh_req_observers = .)
 *(SORT_BY_NAME(.sdh_req_observers*))
                0x000000000002ca60                PROVIDE (__stop_sdh_req_observers = .)

.nrf_queue      0x000000000002ca60        0x0
                [!provide]                        PROVIDE (__start_nrf_queue = .)
 *(.nrf_queue)
                [!provide]                        PROVIDE (__stop_nrf_queue = .)

.cli_command    0x000000000002ca60        0x0
                [!provide]                        PROVIDE (__start_cli_command = .)
 *(.cli_command)
                [!provide]                        PROVIDE (__stop_cli_command = .)

.crypto_data    0x000000000002ca60        0x0
                [!provide]                        PROVIDE (__start_crypto_data = .)
 *(SORT_BY_NAME(.crypto_data*))
                [!provide]                        PROVIDE (__stop_crypto_data = .)

.ARM.extab
 *(.ARM.extab* .gnu.linkonce.armextab.*)
                0x000000000002ca60                __exidx_start = .

.ARM.exidx      0x000000000002ca60        0x8
 *(.ARM.exidx* .gnu.linkonce.armexidx.*)
 .ARM.exidx     0x000000000002ca60        0x8 /usr/local/Cellar/gcc-arm-none-eabi/20180627/bin/../lib/gcc/arm-none-eabi/7.3.1/../../../../arm-none-eabi/lib/thumb/v7e-m/fpv4-sp/hard/crt0.o
                0x000000000002ca68                __exidx_end = .
                0x000000000002ca68                __etext = .

.rel.dyn        0x000000000002ca68        0x0
 .rel.iplt      0x000000000002ca68        0x0 /usr/local/Cellar/gcc-arm-none-eabi/20180627/bin/../lib/gcc/arm-none-eabi/7.3.1/thumb/v7e-m/fpv4-sp/hard/crtbegin.o

.data           0x00000000200022b8      0x220 load address 0x000000000002ca68
                0x00000000200022b8                __data_start__ = .
 *(vtable)
 *(.data*)
 .data.m_uart   0x00000000200022b8       0x14 _build/nrf52832_xxaa/nrf_log_backend_uart.c.o
                0x00000000200022b8                m_uart
 .data.uart_log_backend
                0x00000000200022cc        0xc _build/nrf52832_xxaa/nrf_log_default_backends.c.o
 .data.SystemCoreClock
                0x00000000200022d8        0x4 _build/nrf52832_xxaa/system_nrf52.c.o
                0x00000000200022d8                SystemCoreClock
 .data.blink_period
                0x00000000200022dc        0x1 _build/nrf52832_xxaa/main.c.o
                0x00000000200022dc                blink_period
 *fill*         0x00000000200022dd        0x3 
 .data.buttons.11524
                0x00000000200022e0        0x8 _build/nrf52832_xxaa/main.c.o
 .data.code     0x00000000200022e8        0x1 _build/nrf52832_xxaa/main.c.o
                0x00000000200022e8                code
 *fill*         0x00000000200022e9        0x3 
 .data.m_adv_data
                0x00000000200022ec       0x10 _build/nrf52832_xxaa/main.c.o
 .data.m_adv_handle
                0x00000000200022fc        0x1 _build/nrf52832_xxaa/main.c.o
 *fill*         0x00000000200022fd        0x1 
 .data.m_conn_handle
                0x00000000200022fe        0x2 _build/nrf52832_xxaa/main.c.o
 .data._impure_ptr
                0x0000000020002300        0x4 /usr/local/Cellar/gcc-arm-none-eabi/20180627/bin/../lib/gcc/arm-none-eabi/7.3.1/../../../../arm-none-eabi/lib/thumb/v7e-m/fpv4-sp/hard/libc_nano.a(lib_a-impure.o)
                0x0000000020002300                _impure_ptr
 .data.impure_data
                0x0000000020002304       0x60 /usr/local/Cellar/gcc-arm-none-eabi/20180627/bin/../lib/gcc/arm-none-eabi/7.3.1/../../../../arm-none-eabi/lib/thumb/v7e-m/fpv4-sp/hard/libc_nano.a(lib_a-impure.o)
 .data.__global_locale
                0x0000000020002364      0x16c /usr/local/Cellar/gcc-arm-none-eabi/20180627/bin/../lib/gcc/arm-none-eabi/7.3.1/../../../../arm-none-eabi/lib/thumb/v7e-m/fpv4-sp/hard/libc_nano.a(lib_a-locale.o)
                0x0000000020002364                __global_locale
                0x00000000200024d0                . = ALIGN (0x4)
                0x00000000200024d0                PROVIDE (__preinit_array_start = .)
 *(.preinit_array)
                0x00000000200024d0                PROVIDE (__preinit_array_end = .)
                0x00000000200024d0                . = ALIGN (0x4)
                0x00000000200024d0                PROVIDE (__init_array_start = .)
 *(SORT_BY_NAME(.init_array.*))
 *(.init_array)
 .init_array    0x00000000200024d0        0x4 /usr/local/Cellar/gcc-arm-none-eabi/20180627/bin/../lib/gcc/arm-none-eabi/7.3.1/thumb/v7e-m/fpv4-sp/hard/crtbegin.o
                0x00000000200024d4                PROVIDE (__init_array_end = .)
                0x00000000200024d4                . = ALIGN (0x4)
                [!provide]                        PROVIDE (__fini_array_start = .)
 *(SORT_BY_NAME(.fini_array.*))
 *(.fini_array)
 .fini_array    0x00000000200024d4        0x4 /usr/local/Cellar/gcc-arm-none-eabi/20180627/bin/../lib/gcc/arm-none-eabi/7.3.1/thumb/v7e-m/fpv4-sp/hard/crtbegin.o
                [!provide]                        PROVIDE (__fini_array_end = .)
 *(.jcr*)
                0x00000000200024d8                . = ALIGN (0x4)
                0x00000000200024d8                __data_end__ = .
LOAD /usr/local/Cellar/gcc-arm-none-eabi/20180627/bin/../lib/gcc/arm-none-eabi/7.3.1/thumb/v7e-m/fpv4-sp/hard/crti.o
LOAD /usr/local/Cellar/gcc-arm-none-eabi/20180627/bin/../lib/gcc/arm-none-eabi/7.3.1/thumb/v7e-m/fpv4-sp/hard/crtbegin.o
LOAD /usr/local/Cellar/gcc-arm-none-eabi/20180627/bin/../lib/gcc/arm-none-eabi/7.3.1/../../../../arm-none-eabi/lib/thumb/v7e-m/fpv4-sp/hard/crt0.o
LOAD _build/nrf52832_xxaa/gcc_startup_nrf52.S.o
LOAD _build/nrf52832_xxaa/nrf_log_backend_rtt.c.o
LOAD _build/nrf52832_xxaa/nrf_log_backend_serial.c.o
LOAD _build/nrf52832_xxaa/nrf_log_backend_uart.c.o
LOAD _build/nrf52832_xxaa/nrf_log_default_backends.c.o
LOAD _build/nrf52832_xxaa/nrf_log_frontend.c.o
LOAD _build/nrf52832_xxaa/nrf_log_str_formatter.c.o
LOAD _build/nrf52832_xxaa/app_button.c.o
LOAD _build/nrf52832_xxaa/app_error.c.o
LOAD _build/nrf52832_xxaa/app_error_handler_gcc.c.o
LOAD _build/nrf52832_xxaa/app_error_weak.c.o
LOAD _build/nrf52832_xxaa/app_scheduler.c.o
LOAD _build/nrf52832_xxaa/app_timer.c.o
LOAD _build/nrf52832_xxaa/app_util_platform.c.o
LOAD _build/nrf52832_xxaa/hardfault_implementation.c.o
LOAD _build/nrf52832_xxaa/nrf_assert.c.o
LOAD _build/nrf52832_xxaa/nrf_atfifo.c.o
LOAD _build/nrf52832_xxaa/nrf_atflags.c.o
LOAD _build/nrf52832_xxaa/nrf_atomic.c.o
LOAD _build/nrf52832_xxaa/nrf_balloc.c.o
LOAD _build/nrf52832_xxaa/nrf_fprintf.c.o
LOAD _build/nrf52832_xxaa/nrf_fprintf_format.c.o
LOAD _build/nrf52832_xxaa/nrf_memobj.c.o
LOAD _build/nrf52832_xxaa/nrf_pwr_mgmt.c.o
LOAD _build/nrf52832_xxaa/nrf_section_iter.c.o
LOAD _build/nrf52832_xxaa/nrf_strerror.c.o
LOAD _build/nrf52832_xxaa/system_nrf52.c.o
LOAD _build/nrf52832_xxaa/boards.c.o
LOAD _build/nrf52832_xxaa/nrf_drv_clock.c.o
LOAD _build/nrf52832_xxaa/nrf_drv_uart.c.o
LOAD _build/nrf52832_xxaa/nrfx_clock.c.o
LOAD _build/nrf52832_xxaa/nrfx_gpiote.c.o
LOAD _build/nrf52832_xxaa/nrfx_power_clock.c.o
LOAD _build/nrf52832_xxaa/nrfx_prs.c.o
LOAD _build/nrf52832_xxaa/nrfx_uart.c.o
LOAD _build/nrf52832_xxaa/nrfx_uarte.c.o
LOAD _build/nrf52832_xxaa/nrfx_timer.c.o
LOAD _build/nrf52832_xxaa/main.c.o
LOAD _build/nrf52832_xxaa/code_service.c.o
LOAD _build/nrf52832_xxaa/SEGGER_RTT.c.o
LOAD _build/nrf52832_xxaa/SEGGER_RTT_Syscalls_GCC.c.o
LOAD _build/nrf52832_xxaa/SEGGER_RTT_printf.c.o
LOAD _build/nrf52832_xxaa/ble_advdata.c.o
LOAD _build/nrf52832_xxaa/ble_conn_params.c.o
LOAD _build/nrf52832_xxaa/ble_conn_state.c.o
LOAD _build/nrf52832_xxaa/ble_srv_common.c.o
LOAD _build/nrf52832_xxaa/nrf_ble_gatt.c.o
LOAD _build/nrf52832_xxaa/nrf_ble_qwr.c.o
LOAD _build/nrf52832_xxaa/ble_lbs.c.o
LOAD _build/nrf52832_xxaa/nrf_sdh.c.o
LOAD _build/nrf52832_xxaa/nrf_sdh_ble.c.o
LOAD _build/nrf52832_xxaa/nrf_sdh_soc.c.o
LOAD /usr/local/Cellar/gcc-arm-none-eabi/20180627/bin/../lib/gcc/arm-none-eabi/7.3.1/../../../../arm-none-eabi/lib/thumb/v7e-m/fpv4-sp/hard/libc_nano.a
LOAD /usr/local/Cellar/gcc-arm-none-eabi/20180627/bin/../lib/gcc/arm-none-eabi/7.3.1/../../../../arm-none-eabi/lib/thumb/v7e-m/fpv4-sp/hard/libnosys.a
LOAD /usr/local/Cellar/gcc-arm-none-eabi/20180627/bin/../lib/gcc/arm-none-eabi/7.3.1/../../../../arm-none-eabi/lib/thumb/v7e-m/fpv4-sp/hard/libm.a
START GROUP
LOAD /usr/local/Cellar/gcc-arm-none-eabi/20180627/bin/../lib/gcc/arm-none-eabi/7.3.1/thumb/v7e-m/fpv4-sp/hard/libgcc.a
LOAD /usr/local/Cellar/gcc-arm-none-eabi/20180627/bin/../lib/gcc/arm-none-eabi/7.3.1/../../../../arm-none-eabi/lib/thumb/v7e-m/fpv4-sp/hard/libg_nano.a
LOAD /usr/local/Cellar/gcc-arm-none-eabi/20180627/bin/../lib/gcc/arm-none-eabi/7.3.1/../../../../arm-none-eabi/lib/thumb/v7e-m/fpv4-sp/hard/libc_nano.a
END GROUP
START GROUP
LOAD /usr/local/Cellar/gcc-arm-none-eabi/20180627/bin/../lib/gcc/arm-none-eabi/7.3.1/thumb/v7e-m/fpv4-sp/hard/libgcc.a
LOAD /usr/local/Cellar/gcc-arm-none-eabi/20180627/bin/../lib/gcc/arm-none-eabi/7.3.1/../../../../arm-none-eabi/lib/thumb/v7e-m/fpv4-sp/hard/libc_nano.a
END GROUP
LOAD /usr/local/Cellar/gcc-arm-none-eabi/20180627/bin/../lib/gcc/arm-none-eabi/7.3.1/thumb/v7e-m/fpv4-sp/hard/crtend.o
LOAD /usr/local/Cellar/gcc-arm-none-eabi/20180627/bin/../lib/gcc/arm-none-eabi/7.3.1/thumb/v7e-m/fpv4-sp/hard/crtn.o
START GROUP
LOAD /usr/local/Cellar/gcc-arm-none-eabi/20180627/bin/../lib/gcc/arm-none-eabi/7.3.1/thumb/v7e-m/fpv4-sp/hard/libgcc.a
LOAD /usr/local/Cellar/gcc-arm-none-eabi/20180627/bin/../lib/gcc/arm-none-eabi/7.3.1/../../../../arm-none-eabi/lib/thumb/v7e-m/fpv4-sp/hard/libc.a
LOAD /usr/local/Cellar/gcc-arm-none-eabi/20180627/bin/../lib/gcc/arm-none-eabi/7.3.1/../../../../arm-none-eabi/lib/thumb/v7e-m/fpv4-sp/hard/libnosys.a
END GROUP

.igot.plt       0x00000000200024d8        0x0 load address 0x000000000002cc88
 .igot.plt      0x00000000200024d8        0x0 /usr/local/Cellar/gcc-arm-none-eabi/20180627/bin/../lib/gcc/arm-none-eabi/7.3.1/thumb/v7e-m/fpv4-sp/hard/crtbegin.o
                0x00000000200024d8                . = ALIGN (0x4)

.mem_section_dummy_ram

.log_dynamic_data
                0x00000000200024d8       0x34 load address 0x000000000002cc88
                0x00000000200024d8                PROVIDE (__start_log_dynamic_data = .)
 *(SORT_BY_NAME(.log_dynamic_data*))
 .log_dynamic_data_CLOCK
                0x00000000200024d8        0x4 _build/nrf52832_xxaa/nrfx_clock.c.o
                0x00000000200024d8                m_nrf_log_CLOCK_logs_data_dynamic
 .log_dynamic_data_GPIOTE
                0x00000000200024dc        0x4 _build/nrf52832_xxaa/nrfx_gpiote.c.o
                0x00000000200024dc                m_nrf_log_GPIOTE_logs_data_dynamic
 .log_dynamic_data_PRS
                0x00000000200024e0        0x4 _build/nrf52832_xxaa/nrfx_prs.c.o
                0x00000000200024e0                m_nrf_log_PRS_logs_data_dynamic
 .log_dynamic_data_TIMER
                0x00000000200024e4        0x4 _build/nrf52832_xxaa/nrfx_timer.c.o
                0x00000000200024e4                m_nrf_log_TIMER_logs_data_dynamic
 .log_dynamic_data_UART
                0x00000000200024e8        0x4 _build/nrf52832_xxaa/nrfx_uart.c.o
                0x00000000200024e8                m_nrf_log_UART_logs_data_dynamic
 .log_dynamic_data_UARTE
                0x00000000200024ec        0x4 _build/nrf52832_xxaa/nrfx_uarte.c.o
                0x00000000200024ec                m_nrf_log_UARTE_logs_data_dynamic
 .log_dynamic_data_app
                0x00000000200024f0        0x4 _build/nrf52832_xxaa/nrf_log_frontend.c.o
                0x00000000200024f0                m_nrf_log_app_logs_data_dynamic
 .log_dynamic_data_balloc_log_mempool
                0x00000000200024f4        0x4 _build/nrf52832_xxaa/nrf_log_frontend.c.o
                0x00000000200024f4                m_nrf_log_balloc_log_mempool_logs_data_dynamic
 .log_dynamic_data_nrf_ble_gatt
                0x00000000200024f8        0x4 _build/nrf52832_xxaa/nrf_ble_gatt.c.o
                0x00000000200024f8                m_nrf_log_nrf_ble_gatt_logs_data_dynamic
 .log_dynamic_data_nrf_sdh
                0x00000000200024fc        0x4 _build/nrf52832_xxaa/nrf_sdh.c.o
                0x00000000200024fc                m_nrf_log_nrf_sdh_logs_data_dynamic
 .log_dynamic_data_nrf_sdh_ble
                0x0000000020002500        0x4 _build/nrf52832_xxaa/nrf_sdh_ble.c.o
                0x0000000020002500                m_nrf_log_nrf_sdh_ble_logs_data_dynamic
 .log_dynamic_data_nrf_sdh_soc
                0x0000000020002504        0x4 _build/nrf52832_xxaa/nrf_sdh_soc.c.o
                0x0000000020002504                m_nrf_log_nrf_sdh_soc_logs_data_dynamic
 .log_dynamic_data_pwr_mgmt
                0x0000000020002508        0x4 _build/nrf52832_xxaa/nrf_pwr_mgmt.c.o
                0x0000000020002508                m_nrf_log_pwr_mgmt_logs_data_dynamic
                [!provide]                        PROVIDE (__stop_log_dynamic_data = .)

.cli_sorted_cmd_ptrs
                0x000000002000250c        0x0
                [!provide]                        PROVIDE (__start_cli_sorted_cmd_ptrs = .)
 *(.cli_sorted_cmd_ptrs)
                [!provide]                        PROVIDE (__stop_cli_sorted_cmd_ptrs = .)

.fs_data        0x000000002000250c        0x0
                [!provide]                        PROVIDE (__start_fs_data = .)
 *(.fs_data)
                [!provide]                        PROVIDE (__stop_fs_data = .)

.bss            0x0000000020002510      0x918 load address 0x000000000002ccc0
                0x0000000020002510                . = ALIGN (0x4)
                0x0000000020002510                __bss_start__ = .
 *(.bss*)
 .bss           0x0000000020002510       0x1c /usr/local/Cellar/gcc-arm-none-eabi/20180627/bin/../lib/gcc/arm-none-eabi/7.3.1/thumb/v7e-m/fpv4-sp/hard/crtbegin.o
 .bss.m_async_mode
                0x000000002000252c        0x1 _build/nrf52832_xxaa/nrf_log_backend_uart.c.o
 *fill*         0x000000002000252d        0x3 
 .bss.m_string_buff
                0x0000000020002530       0x40 _build/nrf52832_xxaa/nrf_log_backend_uart.c.o
 .bss.m_xfer_done
                0x0000000020002570        0x1 _build/nrf52832_xxaa/nrf_log_backend_uart.c.o
 *fill*         0x0000000020002571        0x3 
 .bss.log_mempool_nrf_balloc_cb
                0x0000000020002574        0x8 _build/nrf52832_xxaa/nrf_log_frontend.c.o
 .bss.log_mempool_nrf_balloc_pool_mem
                0x000000002000257c       0xc0 _build/nrf52832_xxaa/nrf_log_frontend.c.o
 .bss.log_mempool_nrf_balloc_pool_stack
                0x000000002000263c        0x8 _build/nrf52832_xxaa/nrf_log_frontend.c.o
 .bss.m_log_data
                0x0000000020002644      0x424 _build/nrf52832_xxaa/nrf_log_frontend.c.o
 .bss.m_button_count
                0x0000000020002a68        0x1 _build/nrf52832_xxaa/app_button.c.o
 *fill*         0x0000000020002a69        0x3 
 .bss.m_detection_delay
                0x0000000020002a6c        0x4 _build/nrf52832_xxaa/app_button.c.o
 .bss.m_detection_delay_timer_id_data
                0x0000000020002a70       0x20 _build/nrf52832_xxaa/app_button.c.o
 .bss.m_pin_state
                0x0000000020002a90        0x8 _build/nrf52832_xxaa/app_button.c.o
 .bss.m_pin_transition
                0x0000000020002a98        0x8 _build/nrf52832_xxaa/app_button.c.o
 .bss.mp_buttons
                0x0000000020002aa0        0x4 _build/nrf52832_xxaa/app_button.c.o
 .bss.m_op_queue
                0x0000000020002aa4      0x10c _build/nrf52832_xxaa/app_timer.c.o
 .bss.m_rtc1_reset
                0x0000000020002bb0        0x1 _build/nrf52832_xxaa/app_timer.c.o
 .bss.m_rtc1_running
                0x0000000020002bb1        0x1 _build/nrf52832_xxaa/app_timer.c.o
 *fill*         0x0000000020002bb2        0x2 
 .bss.m_ticks_elapsed
                0x0000000020002bb4        0x8 _build/nrf52832_xxaa/app_timer.c.o
 .bss.m_ticks_elapsed_q_read_ind
                0x0000000020002bbc        0x1 _build/nrf52832_xxaa/app_timer.c.o
 .bss.m_ticks_elapsed_q_write_ind
                0x0000000020002bbd        0x1 _build/nrf52832_xxaa/app_timer.c.o
 *fill*         0x0000000020002bbe        0x2 
 .bss.m_ticks_latest
                0x0000000020002bc0        0x4 _build/nrf52832_xxaa/app_timer.c.o
 .bss.mp_timer_id_head
                0x0000000020002bc4        0x4 _build/nrf52832_xxaa/app_timer.c.o
 .bss.m_handlers_iter
                0x0000000020002bc8        0x8 _build/nrf52832_xxaa/nrf_pwr_mgmt.c.o
 .bss.m_shutdown_started
                0x0000000020002bd0        0x1 _build/nrf52832_xxaa/nrf_pwr_mgmt.c.o
 *fill*         0x0000000020002bd1        0x3 
 .bss.m_sysoff_mtx
                0x0000000020002bd4        0x4 _build/nrf52832_xxaa/nrf_pwr_mgmt.c.o
 .bss.m_contexts
                0x0000000020002bd8        0x4 _build/nrf52832_xxaa/nrf_drv_uart.c.o
 .bss.m_handlers
                0x0000000020002bdc        0x4 _build/nrf52832_xxaa/nrf_drv_uart.c.o
 .bss.m_clock_cb
                0x0000000020002be0        0x8 _build/nrf52832_xxaa/nrfx_clock.c.o
 .bss.m_cb      0x0000000020002be8       0x5c _build/nrf52832_xxaa/nrfx_gpiote.c.o
 .bss.m_prs_box_4
                0x0000000020002c44        0x8 _build/nrf52832_xxaa/nrfx_prs.c.o
 .bss.m_cb      0x0000000020002c4c       0x2c _build/nrf52832_xxaa/nrfx_uart.c.o
 .bss.m_cb      0x0000000020002c78       0x24 _build/nrf52832_xxaa/nrfx_uarte.c.o
 .bss.m_cb      0x0000000020002c9c        0xc _build/nrf52832_xxaa/nrfx_timer.c.o
 .bss.bit_idx.11544
                0x0000000020002ca8        0x4 _build/nrf52832_xxaa/main.c.o
 .bss.m_code    0x0000000020002cac       0x18 _build/nrf52832_xxaa/main.c.o
 .bss.m_enc_advdata
                0x0000000020002cc4       0x1f _build/nrf52832_xxaa/main.c.o
 *fill*         0x0000000020002ce3        0x1 
 .bss.m_enc_scan_response_data
                0x0000000020002ce4       0x1f _build/nrf52832_xxaa/main.c.o
 *fill*         0x0000000020002d03        0x1 
 .bss.m_gatt    0x0000000020002d04       0x14 _build/nrf52832_xxaa/main.c.o
 .bss.m_lbs     0x0000000020002d18       0x18 _build/nrf52832_xxaa/main.c.o
 .bss.m_qwr     0x0000000020002d30        0xc _build/nrf52832_xxaa/main.c.o
 .bss.next_bit_idx.11545
                0x0000000020002d3c        0x4 _build/nrf52832_xxaa/main.c.o
 .bss.tick_cntr.11543
                0x0000000020002d40        0x4 _build/nrf52832_xxaa/main.c.o
 .bss.m_conn_params_config
                0x0000000020002d44       0x1c _build/nrf52832_xxaa/ble_conn_params.c.o
 .bss.m_conn_params_instances
                0x0000000020002d60       0x14 _build/nrf52832_xxaa/ble_conn_params.c.o
 .bss.m_preferred_conn_params
                0x0000000020002d74        0x8 _build/nrf52832_xxaa/ble_conn_params.c.o
 .bss.m_timer_data
                0x0000000020002d7c       0x20 _build/nrf52832_xxaa/ble_conn_params.c.o
 .bss.m_bcs     0x0000000020002d9c       0x78 _build/nrf52832_xxaa/ble_conn_state.c.o
 .bss.m_nrf_sdh_continue
                0x0000000020002e14        0x1 _build/nrf52832_xxaa/nrf_sdh.c.o
 .bss.m_nrf_sdh_enabled
                0x0000000020002e15        0x1 _build/nrf52832_xxaa/nrf_sdh.c.o
 .bss.m_nrf_sdh_suspended
                0x0000000020002e16        0x1 _build/nrf52832_xxaa/nrf_sdh.c.o
 .bss.m_stack_is_enabled
                0x0000000020002e17        0x1 _build/nrf52832_xxaa/nrf_sdh_ble.c.o
 *(COMMON)
 COMMON         0x0000000020002e18        0xc _build/nrf52832_xxaa/app_util_platform.c.o
                0x0000000020002e18                nrf_nvic_state
 COMMON         0x0000000020002e24        0x1 _build/nrf52832_xxaa/nrf_drv_uart.c.o
                0x0000000020002e24                nrf_drv_uart_use_easy_dma
                0x0000000020002e28                . = ALIGN (0x4)
 *fill*         0x0000000020002e25        0x3 
                0x0000000020002e28                __bss_end__ = .

.heap           0x0000000020002e28     0x2000
                0x0000000020002e28                __HeapBase = .
                0x0000000020002e28                __end__ = .
                [!provide]                        PROVIDE (end = .)
 *(.heap*)
 .heap          0x0000000020002e28     0x2000 _build/nrf52832_xxaa/gcc_startup_nrf52.S.o
                0x0000000020004e28                __HeapLimit = .

.stack_dummy    0x0000000020002e28     0x2000
 *(.stack*)
 .stack         0x0000000020002e28     0x2000 _build/nrf52832_xxaa/gcc_startup_nrf52.S.o
                0x0000000020010000                __StackTop = (ORIGIN (RAM) + LENGTH (RAM))
                0x000000002000e000                __StackLimit = (__StackTop - SIZEOF (.stack_dummy))
                0x0000000020010000                PROVIDE (__stack = __StackTop)
                0x0000000000000001                ASSERT ((__StackLimit >= __HeapLimit), region RAM overflowed with stack)
                0x0000000000000258                DataInitFlashUsed = (__bss_start__ - __data_start__)
                0x0000000000006a68                CodeFlashUsed = (__etext - ORIGIN (FLASH))
                0x0000000000006cc0                TotalFlashUsed = (CodeFlashUsed + DataInitFlashUsed)
                0x0000000000000001                ASSERT ((TotalFlashUsed <= LENGTH (FLASH)), region FLASH overflowed with .data and user data)
OUTPUT(_build/nrf52832_xxaa.out elf32-littlearm)

.ARM.attributes
                0x0000000000000000       0x30
 .ARM.attributes
                0x0000000000000000       0x22 /usr/local/Cellar/gcc-arm-none-eabi/20180627/bin/../lib/gcc/arm-none-eabi/7.3.1/thumb/v7e-m/fpv4-sp/hard/crti.o
 .ARM.attributes
                0x0000000000000022       0x34 /usr/local/Cellar/gcc-arm-none-eabi/20180627/bin/../lib/gcc/arm-none-eabi/7.3.1/thumb/v7e-m/fpv4-sp/hard/crtbegin.o
 .ARM.attributes
                0x0000000000000056       0x20 /usr/local/Cellar/gcc-arm-none-eabi/20180627/bin/../lib/gcc/arm-none-eabi/7.3.1/../../../../arm-none-eabi/lib/thumb/v7e-m/fpv4-sp/hard/crt0.o
 .ARM.attributes
                0x0000000000000076       0x20 _build/nrf52832_xxaa/gcc_startup_nrf52.S.o
 .ARM.attributes
                0x0000000000000096       0x39 _build/nrf52832_xxaa/nrf_log_backend_serial.c.o
 .ARM.attributes
                0x00000000000000cf       0x39 _build/nrf52832_xxaa/nrf_log_backend_uart.c.o
 .ARM.attributes
                0x0000000000000108       0x39 _build/nrf52832_xxaa/nrf_log_default_backends.c.o
 .ARM.attributes
                0x0000000000000141       0x39 _build/nrf52832_xxaa/nrf_log_frontend.c.o
 .ARM.attributes
                0x000000000000017a       0x39 _build/nrf52832_xxaa/nrf_log_str_formatter.c.o
 .ARM.attributes
                0x00000000000001b3       0x39 _build/nrf52832_xxaa/app_button.c.o
 .ARM.attributes
                0x00000000000001ec       0x39 _build/nrf52832_xxaa/app_error.c.o
 .ARM.attributes
                0x0000000000000225       0x39 _build/nrf52832_xxaa/app_error_weak.c.o
 .ARM.attributes
                0x000000000000025e       0x39 _build/nrf52832_xxaa/app_timer.c.o
 .ARM.attributes
                0x0000000000000297       0x39 _build/nrf52832_xxaa/app_util_platform.c.o
 .ARM.attributes
                0x00000000000002d0       0x39 _build/nrf52832_xxaa/nrf_atflags.c.o
 .ARM.attributes
                0x0000000000000309       0x39 _build/nrf52832_xxaa/nrf_atomic.c.o
 .ARM.attributes
                0x0000000000000342       0x39 _build/nrf52832_xxaa/nrf_balloc.c.o
 .ARM.attributes
                0x000000000000037b       0x39 _build/nrf52832_xxaa/nrf_fprintf.c.o
 .ARM.attributes
                0x00000000000003b4       0x39 _build/nrf52832_xxaa/nrf_fprintf_format.c.o
 .ARM.attributes
                0x00000000000003ed       0x39 _build/nrf52832_xxaa/nrf_memobj.c.o
 .ARM.attributes
                0x0000000000000426       0x39 _build/nrf52832_xxaa/nrf_pwr_mgmt.c.o
 .ARM.attributes
                0x000000000000045f       0x39 _build/nrf52832_xxaa/nrf_section_iter.c.o
 .ARM.attributes
                0x0000000000000498       0x39 _build/nrf52832_xxaa/nrf_strerror.c.o
 .ARM.attributes
                0x00000000000004d1       0x39 _build/nrf52832_xxaa/system_nrf52.c.o
 .ARM.attributes
                0x000000000000050a       0x39 _build/nrf52832_xxaa/boards.c.o
 .ARM.attributes
                0x0000000000000543       0x39 _build/nrf52832_xxaa/nrf_drv_uart.c.o
 .ARM.attributes
                0x000000000000057c       0x39 _build/nrf52832_xxaa/nrfx_clock.c.o
 .ARM.attributes
                0x00000000000005b5       0x39 _build/nrf52832_xxaa/nrfx_gpiote.c.o
 .ARM.attributes
                0x00000000000005ee       0x39 _build/nrf52832_xxaa/nrfx_prs.c.o
 .ARM.attributes
                0x0000000000000627       0x39 _build/nrf52832_xxaa/nrfx_uart.c.o
 .ARM.attributes
                0x0000000000000660       0x39 _build/nrf52832_xxaa/nrfx_uarte.c.o
 .ARM.attributes
                0x0000000000000699       0x39 _build/nrf52832_xxaa/nrfx_timer.c.o
 .ARM.attributes
                0x00000000000006d2       0x39 _build/nrf52832_xxaa/main.c.o
 .ARM.attributes
                0x000000000000070b       0x39 _build/nrf52832_xxaa/code_service.c.o
 .ARM.attributes
                0x0000000000000744       0x39 _build/nrf52832_xxaa/ble_advdata.c.o
 .ARM.attributes
                0x000000000000077d       0x39 _build/nrf52832_xxaa/ble_conn_params.c.o
 .ARM.attributes
                0x00000000000007b6       0x39 _build/nrf52832_xxaa/ble_conn_state.c.o
 .ARM.attributes
                0x00000000000007ef       0x39 _build/nrf52832_xxaa/ble_srv_common.c.o
 .ARM.attributes
                0x0000000000000828       0x39 _build/nrf52832_xxaa/nrf_ble_gatt.c.o
 .ARM.attributes
                0x0000000000000861       0x39 _build/nrf52832_xxaa/nrf_ble_qwr.c.o
 .ARM.attributes
                0x000000000000089a       0x39 _build/nrf52832_xxaa/ble_lbs.c.o
 .ARM.attributes
                0x00000000000008d3       0x39 _build/nrf52832_xxaa/nrf_sdh.c.o
 .ARM.attributes
                0x000000000000090c       0x39 _build/nrf52832_xxaa/nrf_sdh_ble.c.o
 .ARM.attributes
                0x0000000000000945       0x39 _build/nrf52832_xxaa/nrf_sdh_soc.c.o
 .ARM.attributes
                0x000000000000097e       0x34 /usr/local/Cellar/gcc-arm-none-eabi/20180627/bin/../lib/gcc/arm-none-eabi/7.3.1/../../../../arm-none-eabi/lib/thumb/v7e-m/fpv4-sp/hard/libc_nano.a(lib_a-exit.o)
 .ARM.attributes
                0x00000000000009b2       0x34 /usr/local/Cellar/gcc-arm-none-eabi/20180627/bin/../lib/gcc/arm-none-eabi/7.3.1/../../../../arm-none-eabi/lib/thumb/v7e-m/fpv4-sp/hard/libc_nano.a(lib_a-impure.o)
 .ARM.attributes
                0x00000000000009e6       0x34 /usr/local/Cellar/gcc-arm-none-eabi/20180627/bin/../lib/gcc/arm-none-eabi/7.3.1/../../../../arm-none-eabi/lib/thumb/v7e-m/fpv4-sp/hard/libc_nano.a(lib_a-init.o)
 .ARM.attributes
                0x0000000000000a1a       0x34 /usr/local/Cellar/gcc-arm-none-eabi/20180627/bin/../lib/gcc/arm-none-eabi/7.3.1/../../../../arm-none-eabi/lib/thumb/v7e-m/fpv4-sp/hard/libc_nano.a(lib_a-locale.o)
 .ARM.attributes
                0x0000000000000a4e       0x34 /usr/local/Cellar/gcc-arm-none-eabi/20180627/bin/../lib/gcc/arm-none-eabi/7.3.1/../../../../arm-none-eabi/lib/thumb/v7e-m/fpv4-sp/hard/libc_nano.a(lib_a-mbtowc_r.o)
 .ARM.attributes
                0x0000000000000a82       0x34 /usr/local/Cellar/gcc-arm-none-eabi/20180627/bin/../lib/gcc/arm-none-eabi/7.3.1/../../../../arm-none-eabi/lib/thumb/v7e-m/fpv4-sp/hard/libc_nano.a(lib_a-memcpy-stub.o)
 .ARM.attributes
                0x0000000000000ab6       0x34 /usr/local/Cellar/gcc-arm-none-eabi/20180627/bin/../lib/gcc/arm-none-eabi/7.3.1/../../../../arm-none-eabi/lib/thumb/v7e-m/fpv4-sp/hard/libc_nano.a(lib_a-memset.o)
 .ARM.attributes
                0x0000000000000aea       0x1b /usr/local/Cellar/gcc-arm-none-eabi/20180627/bin/../lib/gcc/arm-none-eabi/7.3.1/../../../../arm-none-eabi/lib/thumb/v7e-m/fpv4-sp/hard/libc_nano.a(lib_a-strlen.o)
 .ARM.attributes
                0x0000000000000b05       0x34 /usr/local/Cellar/gcc-arm-none-eabi/20180627/bin/../lib/gcc/arm-none-eabi/7.3.1/../../../../arm-none-eabi/lib/thumb/v7e-m/fpv4-sp/hard/libc_nano.a(lib_a-wctomb_r.o)
 .ARM.attributes
                0x0000000000000b39       0x34 /usr/local/Cellar/gcc-arm-none-eabi/20180627/bin/../lib/gcc/arm-none-eabi/7.3.1/../../../../arm-none-eabi/lib/thumb/v7e-m/fpv4-sp/hard/libc_nano.a(lib_a-ctype_.o)
 .ARM.attributes
                0x0000000000000b6d       0x34 /usr/local/Cellar/gcc-arm-none-eabi/20180627/bin/../lib/gcc/arm-none-eabi/7.3.1/../../../../arm-none-eabi/lib/thumb/v7e-m/fpv4-sp/hard/libnosys.a(_exit.o)
 .ARM.attributes
                0x0000000000000ba1       0x34 /usr/local/Cellar/gcc-arm-none-eabi/20180627/bin/../lib/gcc/arm-none-eabi/7.3.1/thumb/v7e-m/fpv4-sp/hard/crtend.o
 .ARM.attributes
                0x0000000000000bd5       0x22 /usr/local/Cellar/gcc-arm-none-eabi/20180627/bin/../lib/gcc/arm-none-eabi/7.3.1/thumb/v7e-m/fpv4-sp/hard/crtn.o

.comment        0x0000000000000000       0x7f
 .comment       0x0000000000000000       0x7f _build/nrf52832_xxaa/nrf_log_backend_serial.c.o
                                         0x80 (size before relaxing)
 .comment       0x000000000000007f       0x80 _build/nrf52832_xxaa/nrf_log_backend_uart.c.o
 .comment       0x000000000000007f       0x80 _build/nrf52832_xxaa/nrf_log_default_backends.c.o
 .comment       0x000000000000007f       0x80 _build/nrf52832_xxaa/nrf_log_frontend.c.o
 .comment       0x000000000000007f       0x80 _build/nrf52832_xxaa/nrf_log_str_formatter.c.o
 .comment       0x000000000000007f       0x80 _build/nrf52832_xxaa/app_button.c.o
 .comment       0x000000000000007f       0x80 _build/nrf52832_xxaa/app_error.c.o
 .comment       0x000000000000007f       0x80 _build/nrf52832_xxaa/app_error_weak.c.o
 .comment       0x000000000000007f       0x80 _build/nrf52832_xxaa/app_timer.c.o
 .comment       0x000000000000007f       0x80 _build/nrf52832_xxaa/app_util_platform.c.o
 .comment       0x000000000000007f       0x80 _build/nrf52832_xxaa/nrf_atflags.c.o
 .comment       0x000000000000007f       0x80 _build/nrf52832_xxaa/nrf_atomic.c.o
 .comment       0x000000000000007f       0x80 _build/nrf52832_xxaa/nrf_balloc.c.o
 .comment       0x000000000000007f       0x80 _build/nrf52832_xxaa/nrf_fprintf.c.o
 .comment       0x000000000000007f       0x80 _build/nrf52832_xxaa/nrf_fprintf_format.c.o
 .comment       0x000000000000007f       0x80 _build/nrf52832_xxaa/nrf_memobj.c.o
 .comment       0x000000000000007f       0x80 _build/nrf52832_xxaa/nrf_pwr_mgmt.c.o
 .comment       0x000000000000007f       0x80 _build/nrf52832_xxaa/nrf_section_iter.c.o
 .comment       0x000000000000007f       0x80 _build/nrf52832_xxaa/nrf_strerror.c.o
 .comment       0x000000000000007f       0x80 _build/nrf52832_xxaa/system_nrf52.c.o
 .comment       0x000000000000007f       0x80 _build/nrf52832_xxaa/boards.c.o
 .comment       0x000000000000007f       0x80 _build/nrf52832_xxaa/nrf_drv_uart.c.o
 .comment       0x000000000000007f       0x80 _build/nrf52832_xxaa/nrfx_clock.c.o
 .comment       0x000000000000007f       0x80 _build/nrf52832_xxaa/nrfx_gpiote.c.o
 .comment       0x000000000000007f       0x80 _build/nrf52832_xxaa/nrfx_prs.c.o
 .comment       0x000000000000007f       0x80 _build/nrf52832_xxaa/nrfx_uart.c.o
 .comment       0x000000000000007f       0x80 _build/nrf52832_xxaa/nrfx_uarte.c.o
 .comment       0x000000000000007f       0x80 _build/nrf52832_xxaa/nrfx_timer.c.o
 .comment       0x000000000000007f       0x80 _build/nrf52832_xxaa/main.c.o
 .comment       0x000000000000007f       0x80 _build/nrf52832_xxaa/code_service.c.o
 .comment       0x000000000000007f       0x80 _build/nrf52832_xxaa/ble_advdata.c.o
 .comment       0x000000000000007f       0x80 _build/nrf52832_xxaa/ble_conn_params.c.o
 .comment       0x000000000000007f       0x80 _build/nrf52832_xxaa/ble_conn_state.c.o
 .comment       0x000000000000007f       0x80 _build/nrf52832_xxaa/ble_srv_common.c.o
 .comment       0x000000000000007f       0x80 _build/nrf52832_xxaa/nrf_ble_gatt.c.o
 .comment       0x000000000000007f       0x80 _build/nrf52832_xxaa/nrf_ble_qwr.c.o
 .comment       0x000000000000007f       0x80 _build/nrf52832_xxaa/ble_lbs.c.o
 .comment       0x000000000000007f       0x80 _build/nrf52832_xxaa/nrf_sdh.c.o
 .comment       0x000000000000007f       0x80 _build/nrf52832_xxaa/nrf_sdh_ble.c.o
 .comment       0x000000000000007f       0x80 _build/nrf52832_xxaa/nrf_sdh_soc.c.o

.debug_line     0x0000000000000000    0x16dfd
 .debug_line    0x0000000000000000       0x86 _build/nrf52832_xxaa/gcc_startup_nrf52.S.o
 .debug_line    0x0000000000000086      0x80d _build/nrf52832_xxaa/nrf_log_backend_serial.c.o
 .debug_line    0x0000000000000893      0xa87 _build/nrf52832_xxaa/nrf_log_backend_uart.c.o
 .debug_line    0x000000000000131a      0x78c _build/nrf52832_xxaa/nrf_log_default_backends.c.o
 .debug_line    0x0000000000001aa6      0xee4 _build/nrf52832_xxaa/nrf_log_frontend.c.o
 .debug_line    0x000000000000298a      0x867 _build/nrf52832_xxaa/nrf_log_str_formatter.c.o
 .debug_line    0x00000000000031f1      0x8de _build/nrf52832_xxaa/app_button.c.o
 .debug_line    0x0000000000003acf      0x4ba _build/nrf52832_xxaa/app_error.c.o
 .debug_line    0x0000000000003f89      0x801 _build/nrf52832_xxaa/app_error_weak.c.o
 .debug_line    0x000000000000478a      0xc70 _build/nrf52832_xxaa/app_timer.c.o
 .debug_line    0x00000000000053fa      0x5d0 _build/nrf52832_xxaa/app_util_platform.c.o
 .debug_line    0x00000000000059ca      0x60c _build/nrf52832_xxaa/nrf_atflags.c.o
 .debug_line    0x0000000000005fd6      0x66b _build/nrf52832_xxaa/nrf_atomic.c.o
 .debug_line    0x0000000000006641      0x750 _build/nrf52832_xxaa/nrf_balloc.c.o
 .debug_line    0x0000000000006d91      0x504 _build/nrf52832_xxaa/nrf_fprintf.c.o
 .debug_line    0x0000000000007295      0x701 _build/nrf52832_xxaa/nrf_fprintf_format.c.o
 .debug_line    0x0000000000007996      0x818 _build/nrf52832_xxaa/nrf_memobj.c.o
 .debug_line    0x00000000000081ae      0xb99 _build/nrf52832_xxaa/nrf_pwr_mgmt.c.o
 .debug_line    0x0000000000008d47      0x50e _build/nrf52832_xxaa/nrf_section_iter.c.o
 .debug_line    0x0000000000009255      0x511 _build/nrf52832_xxaa/nrf_strerror.c.o
 .debug_line    0x0000000000009766      0x457 _build/nrf52832_xxaa/system_nrf52.c.o
 .debug_line    0x0000000000009bbd      0x8b6 _build/nrf52832_xxaa/boards.c.o
 .debug_line    0x000000000000a473      0x7a4 _build/nrf52832_xxaa/nrf_drv_uart.c.o
 .debug_line    0x000000000000ac17      0xb90 _build/nrf52832_xxaa/nrfx_clock.c.o
 .debug_line    0x000000000000b7a7     0x12ed _build/nrf52832_xxaa/nrfx_gpiote.c.o
 .debug_line    0x000000000000ca94      0x8ca _build/nrf52832_xxaa/nrfx_prs.c.o
 .debug_line    0x000000000000d35e      0xfb4 _build/nrf52832_xxaa/nrfx_uart.c.o
 .debug_line    0x000000000000e312      0xef4 _build/nrf52832_xxaa/nrfx_uarte.c.o
 .debug_line    0x000000000000f206      0xcc3 _build/nrf52832_xxaa/nrfx_timer.c.o
 .debug_line    0x000000000000fec9     0x128f _build/nrf52832_xxaa/main.c.o
 .debug_line    0x0000000000011158      0x95a _build/nrf52832_xxaa/code_service.c.o
 .debug_line    0x0000000000011ab2      0x963 _build/nrf52832_xxaa/ble_advdata.c.o
 .debug_line    0x0000000000012415      0x932 _build/nrf52832_xxaa/ble_conn_params.c.o
 .debug_line    0x0000000000012d47      0xa7f _build/nrf52832_xxaa/ble_conn_state.c.o
 .debug_line    0x00000000000137c6      0x70c _build/nrf52832_xxaa/ble_srv_common.c.o
 .debug_line    0x0000000000013ed2      0x889 _build/nrf52832_xxaa/nrf_ble_gatt.c.o
 .debug_line    0x000000000001475b      0x665 _build/nrf52832_xxaa/nrf_ble_qwr.c.o
 .debug_line    0x0000000000014dc0      0x753 _build/nrf52832_xxaa/ble_lbs.c.o
 .debug_line    0x0000000000015513      0x945 _build/nrf52832_xxaa/nrf_sdh.c.o
 .debug_line    0x0000000000015e58      0x89b _build/nrf52832_xxaa/nrf_sdh_ble.c.o
 .debug_line    0x00000000000166f3      0x70a _build/nrf52832_xxaa/nrf_sdh_soc.c.o

.debug_info     0x0000000000000000    0x49cbd
 .debug_info    0x0000000000000000       0x26 _build/nrf52832_xxaa/gcc_startup_nrf52.S.o
 .debug_info    0x0000000000000026     0x106e _build/nrf52832_xxaa/nrf_log_backend_serial.c.o
 .debug_info    0x0000000000001094     0x1941 _build/nrf52832_xxaa/nrf_log_backend_uart.c.o
 .debug_info    0x00000000000029d5      0xb9f _build/nrf52832_xxaa/nrf_log_default_backends.c.o
 .debug_info    0x0000000000003574     0x3980 _build/nrf52832_xxaa/nrf_log_frontend.c.o
 .debug_info    0x0000000000006ef4     0x1175 _build/nrf52832_xxaa/nrf_log_str_formatter.c.o
 .debug_info    0x0000000000008069      0xf13 _build/nrf52832_xxaa/app_button.c.o
 .debug_info    0x0000000000008f7c      0xaeb _build/nrf52832_xxaa/app_error.c.o
 .debug_info    0x0000000000009a67      0xcf7 _build/nrf52832_xxaa/app_error_weak.c.o
 .debug_info    0x000000000000a75e     0x23d3 _build/nrf52832_xxaa/app_timer.c.o
 .debug_info    0x000000000000cb31     0x119d _build/nrf52832_xxaa/app_util_platform.c.o
 .debug_info    0x000000000000dcce      0xdfe _build/nrf52832_xxaa/nrf_atflags.c.o
 .debug_info    0x000000000000eacc     0x122a _build/nrf52832_xxaa/nrf_atomic.c.o
 .debug_info    0x000000000000fcf6      0xcbf _build/nrf52832_xxaa/nrf_balloc.c.o
 .debug_info    0x00000000000109b5      0xaa8 _build/nrf52832_xxaa/nrf_fprintf.c.o
 .debug_info    0x000000000001145d     0x11eb _build/nrf52832_xxaa/nrf_fprintf_format.c.o
 .debug_info    0x0000000000012648     0x11d8 _build/nrf52832_xxaa/nrf_memobj.c.o
 .debug_info    0x0000000000013820     0x1a86 _build/nrf52832_xxaa/nrf_pwr_mgmt.c.o
 .debug_info    0x00000000000152a6      0xa21 _build/nrf52832_xxaa/nrf_section_iter.c.o
 .debug_info    0x0000000000015cc7      0xaa2 _build/nrf52832_xxaa/nrf_strerror.c.o
 .debug_info    0x0000000000016769     0x111a _build/nrf52832_xxaa/system_nrf52.c.o
 .debug_info    0x0000000000017883     0x14d0 _build/nrf52832_xxaa/boards.c.o
 .debug_info    0x0000000000018d53     0x1914 _build/nrf52832_xxaa/nrf_drv_uart.c.o
 .debug_info    0x000000000001a667     0x1c5c _build/nrf52832_xxaa/nrfx_clock.c.o
 .debug_info    0x000000000001c2c3     0x3955 _build/nrf52832_xxaa/nrfx_gpiote.c.o
 .debug_info    0x000000000001fc18     0x1041 _build/nrf52832_xxaa/nrfx_prs.c.o
 .debug_info    0x0000000000020c59     0x3840 _build/nrf52832_xxaa/nrfx_uart.c.o
 .debug_info    0x0000000000024499     0x3528 _build/nrf52832_xxaa/nrfx_uarte.c.o
 .debug_info    0x00000000000279c1     0x2295 _build/nrf52832_xxaa/nrfx_timer.c.o
 .debug_info    0x0000000000029c56     0x5db7 _build/nrf52832_xxaa/main.c.o
 .debug_info    0x000000000002fa0d     0x27fc _build/nrf52832_xxaa/code_service.c.o
 .debug_info    0x0000000000032209     0x23b5 _build/nrf52832_xxaa/ble_advdata.c.o
 .debug_info    0x00000000000345be     0x3076 _build/nrf52832_xxaa/ble_conn_params.c.o
 .debug_info    0x0000000000037634     0x32df _build/nrf52832_xxaa/ble_conn_state.c.o
 .debug_info    0x000000000003a913     0x1523 _build/nrf52832_xxaa/ble_srv_common.c.o
 .debug_info    0x000000000003be36     0x2fae _build/nrf52832_xxaa/nrf_ble_gatt.c.o
 .debug_info    0x000000000003ede4     0x26aa _build/nrf52832_xxaa/nrf_ble_qwr.c.o
 .debug_info    0x000000000004148e     0x2ac4 _build/nrf52832_xxaa/ble_lbs.c.o
 .debug_info    0x0000000000043f52     0x1eaf _build/nrf52832_xxaa/nrf_sdh.c.o
 .debug_info    0x0000000000045e01     0x30a9 _build/nrf52832_xxaa/nrf_sdh_ble.c.o
 .debug_info    0x0000000000048eaa      0xe13 _build/nrf52832_xxaa/nrf_sdh_soc.c.o

.debug_abbrev   0x0000000000000000     0x9152
 .debug_abbrev  0x0000000000000000       0x14 _build/nrf52832_xxaa/gcc_startup_nrf52.S.o
 .debug_abbrev  0x0000000000000014      0x27f _build/nrf52832_xxaa/nrf_log_backend_serial.c.o
 .debug_abbrev  0x0000000000000293      0x3bb _build/nrf52832_xxaa/nrf_log_backend_uart.c.o
 .debug_abbrev  0x000000000000064e      0x256 _build/nrf52832_xxaa/nrf_log_default_backends.c.o
 .debug_abbrev  0x00000000000008a4      0x5a7 _build/nrf52832_xxaa/nrf_log_frontend.c.o
 .debug_abbrev  0x0000000000000e4b      0x2ba _build/nrf52832_xxaa/nrf_log_str_formatter.c.o
 .debug_abbrev  0x0000000000001105      0x2d9 _build/nrf52832_xxaa/app_button.c.o
 .debug_abbrev  0x00000000000013de      0x235 _build/nrf52832_xxaa/app_error.c.o
 .debug_abbrev  0x0000000000001613      0x298 _build/nrf52832_xxaa/app_error_weak.c.o
 .debug_abbrev  0x00000000000018ab      0x49d _build/nrf52832_xxaa/app_timer.c.o
 .debug_abbrev  0x0000000000001d48      0x381 _build/nrf52832_xxaa/app_util_platform.c.o
 .debug_abbrev  0x00000000000020c9      0x305 _build/nrf52832_xxaa/nrf_atflags.c.o
 .debug_abbrev  0x00000000000023ce      0x31f _build/nrf52832_xxaa/nrf_atomic.c.o
 .debug_abbrev  0x00000000000026ed      0x302 _build/nrf52832_xxaa/nrf_balloc.c.o
 .debug_abbrev  0x00000000000029ef      0x239 _build/nrf52832_xxaa/nrf_fprintf.c.o
 .debug_abbrev  0x0000000000002c28      0x352 _build/nrf52832_xxaa/nrf_fprintf_format.c.o
 .debug_abbrev  0x0000000000002f7a      0x331 _build/nrf52832_xxaa/nrf_memobj.c.o
 .debug_abbrev  0x00000000000032ab      0x47e _build/nrf52832_xxaa/nrf_pwr_mgmt.c.o
 .debug_abbrev  0x0000000000003729      0x1da _build/nrf52832_xxaa/nrf_section_iter.c.o
 .debug_abbrev  0x0000000000003903      0x248 _build/nrf52832_xxaa/nrf_strerror.c.o
 .debug_abbrev  0x0000000000003b4b      0x1e2 _build/nrf52832_xxaa/system_nrf52.c.o
 .debug_abbrev  0x0000000000003d2d      0x3b5 _build/nrf52832_xxaa/boards.c.o
 .debug_abbrev  0x00000000000040e2      0x289 _build/nrf52832_xxaa/nrf_drv_uart.c.o
 .debug_abbrev  0x000000000000436b      0x4b0 _build/nrf52832_xxaa/nrfx_clock.c.o
 .debug_abbrev  0x000000000000481b      0x533 _build/nrf52832_xxaa/nrfx_gpiote.c.o
 .debug_abbrev  0x0000000000004d4e      0x30e _build/nrf52832_xxaa/nrfx_prs.c.o
 .debug_abbrev  0x000000000000505c      0x50f _build/nrf52832_xxaa/nrfx_uart.c.o
 .debug_abbrev  0x000000000000556b      0x506 _build/nrf52832_xxaa/nrfx_uarte.c.o
 .debug_abbrev  0x0000000000005a71      0x49e _build/nrf52832_xxaa/nrfx_timer.c.o
 .debug_abbrev  0x0000000000005f0f      0x592 _build/nrf52832_xxaa/main.c.o
 .debug_abbrev  0x00000000000064a1      0x38a _build/nrf52832_xxaa/code_service.c.o
 .debug_abbrev  0x000000000000682b      0x458 _build/nrf52832_xxaa/ble_advdata.c.o
 .debug_abbrev  0x0000000000006c83      0x4fb _build/nrf52832_xxaa/ble_conn_params.c.o
 .debug_abbrev  0x000000000000717e      0x4f5 _build/nrf52832_xxaa/ble_conn_state.c.o
 .debug_abbrev  0x0000000000007673      0x34f _build/nrf52832_xxaa/ble_srv_common.c.o
 .debug_abbrev  0x00000000000079c2      0x45d _build/nrf52832_xxaa/nrf_ble_gatt.c.o
 .debug_abbrev  0x0000000000007e1f      0x377 _build/nrf52832_xxaa/nrf_ble_qwr.c.o
 .debug_abbrev  0x0000000000008196      0x398 _build/nrf52832_xxaa/ble_lbs.c.o
 .debug_abbrev  0x000000000000852e      0x516 _build/nrf52832_xxaa/nrf_sdh.c.o
 .debug_abbrev  0x0000000000008a44      0x43b _build/nrf52832_xxaa/nrf_sdh_ble.c.o
 .debug_abbrev  0x0000000000008e7f      0x2d3 _build/nrf52832_xxaa/nrf_sdh_soc.c.o

.debug_aranges  0x0000000000000000      0xdc8
 .debug_aranges
                0x0000000000000000       0x20 _build/nrf52832_xxaa/gcc_startup_nrf52.S.o
 .debug_aranges
                0x0000000000000020       0x20 _build/nrf52832_xxaa/nrf_log_backend_serial.c.o
 .debug_aranges
                0x0000000000000040       0x48 _build/nrf52832_xxaa/nrf_log_backend_uart.c.o
 .debug_aranges
                0x0000000000000088       0x20 _build/nrf52832_xxaa/nrf_log_default_backends.c.o
 .debug_aranges
                0x00000000000000a8       0xc8 _build/nrf52832_xxaa/nrf_log_frontend.c.o
 .debug_aranges
                0x0000000000000170       0x30 _build/nrf52832_xxaa/nrf_log_str_formatter.c.o
 .debug_aranges
                0x00000000000001a0       0x48 _build/nrf52832_xxaa/app_button.c.o
 .debug_aranges
                0x00000000000001e8       0x28 _build/nrf52832_xxaa/app_error.c.o
 .debug_aranges
                0x0000000000000210       0x20 _build/nrf52832_xxaa/app_error_weak.c.o
 .debug_aranges
                0x0000000000000230       0x70 _build/nrf52832_xxaa/app_timer.c.o
 .debug_aranges
                0x00000000000002a0       0x48 _build/nrf52832_xxaa/app_util_platform.c.o
 .debug_aranges
                0x00000000000002e8       0x58 _build/nrf52832_xxaa/nrf_atflags.c.o
 .debug_aranges
                0x0000000000000340       0xb0 _build/nrf52832_xxaa/nrf_atomic.c.o
 .debug_aranges
                0x00000000000003f0       0x30 _build/nrf52832_xxaa/nrf_balloc.c.o
 .debug_aranges
                0x0000000000000420       0x28 _build/nrf52832_xxaa/nrf_fprintf.c.o
 .debug_aranges
                0x0000000000000448       0x28 _build/nrf52832_xxaa/nrf_fprintf_format.c.o
 .debug_aranges
                0x0000000000000470       0x50 _build/nrf52832_xxaa/nrf_memobj.c.o
 .debug_aranges
                0x00000000000004c0       0x48 _build/nrf52832_xxaa/nrf_pwr_mgmt.c.o
 .debug_aranges
                0x0000000000000508       0x28 _build/nrf52832_xxaa/nrf_section_iter.c.o
 .debug_aranges
                0x0000000000000530       0x28 _build/nrf52832_xxaa/nrf_strerror.c.o
 .debug_aranges
                0x0000000000000558       0x28 _build/nrf52832_xxaa/system_nrf52.c.o
 .debug_aranges
                0x0000000000000580       0x78 _build/nrf52832_xxaa/boards.c.o
 .debug_aranges
                0x00000000000005f8       0x30 _build/nrf52832_xxaa/nrf_drv_uart.c.o
 .debug_aranges
                0x0000000000000628       0x78 _build/nrf52832_xxaa/nrfx_clock.c.o
 .debug_aranges
                0x00000000000006a0       0xd8 _build/nrf52832_xxaa/nrfx_gpiote.c.o
 .debug_aranges
                0x0000000000000778       0x30 _build/nrf52832_xxaa/nrfx_prs.c.o
 .debug_aranges
                0x00000000000007a8       0x78 _build/nrf52832_xxaa/nrfx_uart.c.o
 .debug_aranges
                0x0000000000000820       0x68 _build/nrf52832_xxaa/nrfx_uarte.c.o
 .debug_aranges
                0x0000000000000888       0x90 _build/nrf52832_xxaa/nrfx_timer.c.o
 .debug_aranges
                0x0000000000000918       0xa0 _build/nrf52832_xxaa/main.c.o
 .debug_aranges
                0x00000000000009b8       0x38 _build/nrf52832_xxaa/code_service.c.o
 .debug_aranges
                0x00000000000009f0       0x78 _build/nrf52832_xxaa/ble_advdata.c.o
 .debug_aranges
                0x0000000000000a68       0x60 _build/nrf52832_xxaa/ble_conn_params.c.o
 .debug_aranges
                0x0000000000000ac8       0xc0 _build/nrf52832_xxaa/ble_conn_state.c.o
 .debug_aranges
                0x0000000000000b88       0x58 _build/nrf52832_xxaa/ble_srv_common.c.o
 .debug_aranges
                0x0000000000000be0       0x70 _build/nrf52832_xxaa/nrf_ble_gatt.c.o
 .debug_aranges
                0x0000000000000c50       0x40 _build/nrf52832_xxaa/nrf_ble_qwr.c.o
 .debug_aranges
                0x0000000000000c90       0x50 _build/nrf52832_xxaa/ble_lbs.c.o
 .debug_aranges
                0x0000000000000ce0       0x70 _build/nrf52832_xxaa/nrf_sdh.c.o
 .debug_aranges
                0x0000000000000d50       0x50 _build/nrf52832_xxaa/nrf_sdh_ble.c.o
 .debug_aranges
                0x0000000000000da0       0x28 _build/nrf52832_xxaa/nrf_sdh_soc.c.o

.debug_str      0x0000000000000000    0x91233
 .debug_str     0x0000000000000000       0xb2 _build/nrf52832_xxaa/gcc_startup_nrf52.S.o
 .debug_str     0x00000000000000b2    0x6fa07 _build/nrf52832_xxaa/nrf_log_backend_serial.c.o
                                      0x71b94 (size before relaxing)
 .debug_str     0x000000000006fab9     0x7f19 _build/nrf52832_xxaa/nrf_log_backend_uart.c.o
                                      0x79584 (size before relaxing)
 .debug_str     0x00000000000779d2      0x131 _build/nrf52832_xxaa/nrf_log_default_backends.c.o
                                      0x7192c (size before relaxing)
 .debug_str     0x0000000000077b03     0x1377 _build/nrf52832_xxaa/nrf_log_frontend.c.o
                                      0x72de8 (size before relaxing)
 .debug_str     0x0000000000078e7a      0x69c _build/nrf52832_xxaa/nrf_log_str_formatter.c.o
                                      0x71fe8 (size before relaxing)
 .debug_str     0x0000000000079516     0x163f _build/nrf52832_xxaa/app_button.c.o
                                      0x76a66 (size before relaxing)